<html>
<body>
<pre>
<h1>µVision Build Log</h1>
<h2>Tool Versions:</h2>
IDE-Version: ¦ÌVision V5.36.0.0
Copyright (C) 2021 ARM Ltd and ARM Germany GmbH. All rights reserved.
License Information: ling 8615730833043, ling, LIC=65ISZ-JQP00-RARDM-X745W-ADNA8-20KFD
 
Tool Versions:
Toolchain:       MDK-ARM Plus  Version: 5.36.0.0
Toolchain Path:  D:\MDK\ARM\ARMCC\Bin
C Compiler:      Armcc.exe V5.06 update 7 (build 960)
Assembler:       Armasm.exe V5.06 update 7 (build 960)
Linker/Locator:  ArmLink.exe V5.06 update 7 (build 960)
Library Manager: ArmAr.exe V5.06 update 7 (build 960)
Hex Converter:   FromElf.exe V5.06 update 7 (build 960)
CPU DLL:         SARMCM3.DLL V5.36.0.0
Dialog DLL:      DARMSTM.DLL V1.68.0.0
Target DLL:      STLink\ST-LINKIII-KEIL_SWO.dll V3.0.9.0
Dialog DLL:      DARMSTM.DLL V1.68.0.0
 
<h2>Project:</h2>
D:\class\STM32\STM32 project\Cube MXT\test-8\MDK-ARM\test-8.uvprojx
Project File Date:  10/30/2025

<h2>Output:</h2>
*** Using Compiler 'V5.06 update 7 (build 960)', folder: 'D:\MDK\ARM\ARMCC\Bin'
Rebuild target 'test-8'
assembling startup_stm32f103xb.s...
compiling gpio.c...
compiling stm32f1xx_hal_gpio_ex.c...
compiling stm32f1xx_hal_msp.c...
compiling stm32f1xx_it.c...
compiling stm32f1xx_hal.c...
compiling usart.c...
compiling stm32f1xx_hal_rcc_ex.c...
compiling stm32f1xx_hal_gpio.c...
compiling stm32f1xx_hal_rcc.c...
compiling main.c...
assembling cpu_a.asm...
compiling stm32f1xx_hal_uart.c...
compiling cpu_core.c...
compiling cpu_c.c...
compiling lib_ascii.c...
compiling lib_math.c...
assembling lib_mem_a.asm...
compiling lib_str.c...
assembling os_cpu_a.s...
compiling lib_mem.c...
compiling os_cpu_c.c...
compiling os_var.c...
compiling os_time.c...
compiling os_tmr.c...
compiling os_tick.c...
compiling os_stat.c...
compiling os_sem.c...
compiling stm32f1xx_hal_cortex.c...
compiling os_task.c...
compiling stm32f1xx_hal_pwr.c...
compiling os_q.c...
compiling stm32f1xx_hal_dma.c...
compiling stm32f1xx_hal_exti.c...
compiling system_stm32f1xx.c...
compiling stm32f1xx_hal_flash.c...
compiling stm32f1xx_hal_flash_ex.c...
compiling os_prio.c...
compiling os_pend_multi.c...
compiling os_msg.c...
compiling os_mem.c...
compiling os_mutex.c...
compiling os_int.c...
compiling os_dbg.c...
compiling os_cfg_app.c...
compiling os_app_hooks.c...
compiling os_flag.c...
compiling os_core.c...
compiling bsp.c...
linking...
Program Size: Code=17748 RO-data=428 RW-data=264 ZI-data=14920  
FromELF: creating hex file...
"test-8\test-8.axf" - 0 Error(s), 0 Warning(s).

<h2>Software Packages used:</h2>

Package Vendor: ARM
                http://www.keil.com/pack/ARM.CMSIS.5.8.0.pack
                ARM.CMSIS.5.8.0
                CMSIS (Common Microcontroller Software Interface Standard)
   * Component: CORE Version: 5.5.0

Package Vendor: Keil
                http://www.keil.com/pack/Keil.STM32F1xx_DFP.2.3.0.pack
                Keil.STM32F1xx_DFP.2.3.0
                STMicroelectronics STM32F1 Series Device Support, Drivers and Examples

<h2>Collection of Component include folders:</h2>
  .\RTE\_test-8
  D:\MDK\ARM\CMSIS\5.8.0\CMSIS\Core\Include
  D:\MDK\Keil\STM32F1xx_DFP\2.3.0\Device\Include

<h2>Collection of Component Files used:</h2>

   * Component: ARM::CMSIS:CORE:5.5.0
Build Time Elapsed:  00:00:03
</pre>
</body>
</html>
