Component: ARM Compiler 5.06 update 7 (build 960) Tool: armlink [4d3601]

==============================================================================

Section Cross References

    startup_stm32f103xb.o(RESET) refers to startup_stm32f103xb.o(STACK) for __initial_sp
    startup_stm32f103xb.o(RESET) refers to startup_stm32f103xb.o(.text) for Reset_Handler
    startup_stm32f103xb.o(RESET) refers to stm32f1xx_it.o(i.NMI_Handler) for NMI_Handler
    startup_stm32f103xb.o(RESET) refers to stm32f1xx_it.o(i.HardFault_Handler) for HardFault_Handler
    startup_stm32f103xb.o(RESET) refers to stm32f1xx_it.o(i.MemManage_Handler) for MemManage_Handler
    startup_stm32f103xb.o(RESET) refers to stm32f1xx_it.o(i.BusFault_Handler) for BusFault_Handler
    startup_stm32f103xb.o(RESET) refers to stm32f1xx_it.o(i.UsageFault_Handler) for UsageFault_Handler
    startup_stm32f103xb.o(RESET) refers to stm32f1xx_it.o(i.SVC_Handler) for SVC_Handler
    startup_stm32f103xb.o(RESET) refers to stm32f1xx_it.o(i.DebugMon_Handler) for DebugMon_Handler
    startup_stm32f103xb.o(RESET) refers to stm32f1xx_it.o(i.PendSV_Handler) for PendSV_Handler
    startup_stm32f103xb.o(RESET) refers to stm32f1xx_it.o(i.SysTick_Handler) for SysTick_Handler
    startup_stm32f103xb.o(RESET) refers to stm32f1xx_it.o(i.DMA1_Channel6_IRQHandler) for DMA1_Channel6_IRQHandler
    startup_stm32f103xb.o(RESET) refers to stm32f1xx_it.o(i.DMA1_Channel7_IRQHandler) for DMA1_Channel7_IRQHandler
    startup_stm32f103xb.o(RESET) refers to stm32f1xx_it.o(i.I2C1_EV_IRQHandler) for I2C1_EV_IRQHandler
    startup_stm32f103xb.o(.text) refers to system_stm32f1xx.o(i.SystemInit) for SystemInit
    startup_stm32f103xb.o(.text) refers to entry.o(.ARM.Collect$$$$00000000) for __main
    main.o(i.SystemClock_Config) refers to memseta.o(.text) for __aeabi_memclr4
    main.o(i.SystemClock_Config) refers to stm32f1xx_hal_rcc.o(i.HAL_RCC_OscConfig) for HAL_RCC_OscConfig
    main.o(i.SystemClock_Config) refers to stm32f1xx_hal_rcc.o(i.HAL_RCC_ClockConfig) for HAL_RCC_ClockConfig
    main.o(i.main) refers to aht20-21_demo_v1_3.o(i.Delay_1ms) for Delay_1ms
    main.o(i.main) refers to stm32f1xx_hal.o(i.HAL_Init) for HAL_Init
    main.o(i.main) refers to main.o(i.SystemClock_Config) for SystemClock_Config
    main.o(i.main) refers to gpio.o(i.MX_GPIO_Init) for MX_GPIO_Init
    main.o(i.main) refers to dma.o(i.MX_DMA_Init) for MX_DMA_Init
    main.o(i.main) refers to i2c.o(i.MX_I2C1_Init) for MX_I2C1_Init
    main.o(i.main) refers to usart.o(i.MX_USART1_UART_Init) for MX_USART1_UART_Init
    main.o(i.main) refers to aht20-21_demo_v1_3.o(i.AHT20_Init) for AHT20_Init
    gpio.o(i.MX_GPIO_Init) refers to stm32f1xx_hal_gpio.o(i.HAL_GPIO_WritePin) for HAL_GPIO_WritePin
    gpio.o(i.MX_GPIO_Init) refers to stm32f1xx_hal_gpio.o(i.HAL_GPIO_Init) for HAL_GPIO_Init
    dma.o(i.MX_DMA_Init) refers to stm32f1xx_hal_cortex.o(i.HAL_NVIC_SetPriority) for HAL_NVIC_SetPriority
    dma.o(i.MX_DMA_Init) refers to stm32f1xx_hal_cortex.o(i.HAL_NVIC_EnableIRQ) for HAL_NVIC_EnableIRQ
    i2c.o(i.HAL_I2C_MspDeInit) refers to stm32f1xx_hal_gpio.o(i.HAL_GPIO_DeInit) for HAL_GPIO_DeInit
    i2c.o(i.HAL_I2C_MspDeInit) refers to stm32f1xx_hal_dma.o(i.HAL_DMA_DeInit) for HAL_DMA_DeInit
    i2c.o(i.HAL_I2C_MspDeInit) refers to stm32f1xx_hal_cortex.o(i.HAL_NVIC_DisableIRQ) for HAL_NVIC_DisableIRQ
    i2c.o(i.HAL_I2C_MspInit) refers to stm32f1xx_hal_gpio.o(i.HAL_GPIO_Init) for HAL_GPIO_Init
    i2c.o(i.HAL_I2C_MspInit) refers to stm32f1xx_hal_dma.o(i.HAL_DMA_Init) for HAL_DMA_Init
    i2c.o(i.HAL_I2C_MspInit) refers to main.o(i.Error_Handler) for Error_Handler
    i2c.o(i.HAL_I2C_MspInit) refers to stm32f1xx_hal_cortex.o(i.HAL_NVIC_SetPriority) for HAL_NVIC_SetPriority
    i2c.o(i.HAL_I2C_MspInit) refers to stm32f1xx_hal_cortex.o(i.HAL_NVIC_EnableIRQ) for HAL_NVIC_EnableIRQ
    i2c.o(i.HAL_I2C_MspInit) refers to i2c.o(.bss) for .bss
    i2c.o(i.MX_I2C1_Init) refers to stm32f1xx_hal_i2c.o(i.HAL_I2C_Init) for HAL_I2C_Init
    i2c.o(i.MX_I2C1_Init) refers to main.o(i.Error_Handler) for Error_Handler
    i2c.o(i.MX_I2C1_Init) refers to i2c.o(.bss) for .bss
    usart.o(i.HAL_UART_MspDeInit) refers to stm32f1xx_hal_gpio.o(i.HAL_GPIO_DeInit) for HAL_GPIO_DeInit
    usart.o(i.HAL_UART_MspInit) refers to stm32f1xx_hal_gpio.o(i.HAL_GPIO_Init) for HAL_GPIO_Init
    usart.o(i.MX_USART1_UART_Init) refers to stm32f1xx_hal_uart.o(i.HAL_UART_Init) for HAL_UART_Init
    usart.o(i.MX_USART1_UART_Init) refers to main.o(i.Error_Handler) for Error_Handler
    usart.o(i.MX_USART1_UART_Init) refers to usart.o(.bss) for .bss
    usart.o(i.fputc) refers to stm32f1xx_hal_uart.o(i.HAL_UART_Transmit) for HAL_UART_Transmit
    usart.o(i.fputc) refers to usart.o(.bss) for .bss
    stm32f1xx_it.o(i.DMA1_Channel6_IRQHandler) refers to stm32f1xx_hal_dma.o(i.HAL_DMA_IRQHandler) for HAL_DMA_IRQHandler
    stm32f1xx_it.o(i.DMA1_Channel6_IRQHandler) refers to i2c.o(.bss) for hdma_i2c1_tx
[...]
    stm32f1xx_hal_uart.o(i.HAL_UART_Receive) refers to stm32f1xx_hal.o(i.HAL_GetTick) for HAL_GetTick
    stm32f1xx_hal_uart.o(i.HAL_UART_Receive) refers to stm32f1xx_hal_uart.o(i.UART_WaitOnFlagUntilTimeout) for UART_WaitOnFlagUntilTimeout
    stm32f1xx_hal_uart.o(i.HAL_UART_Receive_DMA) refers to stm32f1xx_hal_uart.o(i.UART_Start_Receive_DMA) for UART_Start_Receive_DMA
    stm32f1xx_hal_uart.o(i.HAL_UART_Receive_IT) refers to stm32f1xx_hal_uart.o(i.UART_Start_Receive_IT) for UART_Start_Receive_IT
    stm32f1xx_hal_uart.o(i.HAL_UART_Transmit) refers to stm32f1xx_hal.o(i.HAL_GetTick) for HAL_GetTick
    stm32f1xx_hal_uart.o(i.HAL_UART_Transmit) refers to stm32f1xx_hal_uart.o(i.UART_WaitOnFlagUntilTimeout) for UART_WaitOnFlagUntilTimeout
    stm32f1xx_hal_uart.o(i.HAL_UART_Transmit_DMA) refers to stm32f1xx_hal_dma.o(i.HAL_DMA_Start_IT) for HAL_DMA_Start_IT
    stm32f1xx_hal_uart.o(i.HAL_UART_Transmit_DMA) refers to stm32f1xx_hal_uart.o(i.UART_DMATransmitCplt) for UART_DMATransmitCplt
    stm32f1xx_hal_uart.o(i.HAL_UART_Transmit_DMA) refers to stm32f1xx_hal_uart.o(i.UART_DMATxHalfCplt) for UART_DMATxHalfCplt
    stm32f1xx_hal_uart.o(i.HAL_UART_Transmit_DMA) refers to stm32f1xx_hal_uart.o(i.UART_DMAError) for UART_DMAError
    stm32f1xx_hal_uart.o(i.UART_DMAAbortOnError) refers to stm32f1xx_hal_uart.o(i.HAL_UART_ErrorCallback) for HAL_UART_ErrorCallback
    stm32f1xx_hal_uart.o(i.UART_DMAError) refers to stm32f1xx_hal_uart.o(i.UART_EndTxTransfer) for UART_EndTxTransfer
    stm32f1xx_hal_uart.o(i.UART_DMAError) refers to stm32f1xx_hal_uart.o(i.UART_EndRxTransfer) for UART_EndRxTransfer
    stm32f1xx_hal_uart.o(i.UART_DMAError) refers to stm32f1xx_hal_uart.o(i.HAL_UART_ErrorCallback) for HAL_UART_ErrorCallback
    stm32f1xx_hal_uart.o(i.UART_DMAReceiveCplt) refers to stm32f1xx_hal_uart.o(i.HAL_UART_RxCpltCallback) for HAL_UART_RxCpltCallback
    stm32f1xx_hal_uart.o(i.UART_DMAReceiveCplt) refers to stm32f1xx_hal_uart.o(i.HAL_UARTEx_RxEventCallback) for HAL_UARTEx_RxEventCallback
    stm32f1xx_hal_uart.o(i.UART_DMARxAbortCallback) refers to stm32f1xx_hal_uart.o(i.HAL_UART_AbortCpltCallback) for HAL_UART_AbortCpltCallback
    stm32f1xx_hal_uart.o(i.UART_DMARxHalfCplt) refers to stm32f1xx_hal_uart.o(i.HAL_UART_RxHalfCpltCallback) for HAL_UART_RxHalfCpltCallback
    stm32f1xx_hal_uart.o(i.UART_DMARxHalfCplt) refers to stm32f1xx_hal_uart.o(i.HAL_UARTEx_RxEventCallback) for HAL_UARTEx_RxEventCallback
    stm32f1xx_hal_uart.o(i.UART_DMARxOnlyAbortCallback) refers to stm32f1xx_hal_uart.o(i.HAL_UART_AbortReceiveCpltCallback) for HAL_UART_AbortReceiveCpltCallback
    stm32f1xx_hal_uart.o(i.UART_DMATransmitCplt) refers to stm32f1xx_hal_uart.o(i.HAL_UART_TxCpltCallback) for HAL_UART_TxCpltCallback
    stm32f1xx_hal_uart.o(i.UART_DMATxAbortCallback) refers to stm32f1xx_hal_uart.o(i.HAL_UART_AbortCpltCallback) for HAL_UART_AbortCpltCallback
    stm32f1xx_hal_uart.o(i.UART_DMATxHalfCplt) refers to stm32f1xx_hal_uart.o(i.HAL_UART_TxHalfCpltCallback) for HAL_UART_TxHalfCpltCallback
    stm32f1xx_hal_uart.o(i.UART_DMATxOnlyAbortCallback) refers to stm32f1xx_hal_uart.o(i.HAL_UART_AbortTransmitCpltCallback) for HAL_UART_AbortTransmitCpltCallback
    stm32f1xx_hal_uart.o(i.UART_Receive_IT) refers to stm32f1xx_hal_uart.o(i.HAL_UART_RxCpltCallback) for HAL_UART_RxCpltCallback
    stm32f1xx_hal_uart.o(i.UART_Receive_IT) refers to stm32f1xx_hal_uart.o(i.HAL_UARTEx_RxEventCallback) for HAL_UARTEx_RxEventCallback
    stm32f1xx_hal_uart.o(i.UART_SetConfig) refers to stm32f1xx_hal_rcc.o(i.HAL_RCC_GetPCLK2Freq) for HAL_RCC_GetPCLK2Freq
    stm32f1xx_hal_uart.o(i.UART_SetConfig) refers to stm32f1xx_hal_rcc.o(i.HAL_RCC_GetPCLK1Freq) for HAL_RCC_GetPCLK1Freq
    stm32f1xx_hal_uart.o(i.UART_Start_Receive_DMA) refers to stm32f1xx_hal_dma.o(i.HAL_DMA_Start_IT) for HAL_DMA_Start_IT
    stm32f1xx_hal_uart.o(i.UART_Start_Receive_DMA) refers to stm32f1xx_hal_uart.o(i.UART_DMAReceiveCplt) for UART_DMAReceiveCplt
    stm32f1xx_hal_uart.o(i.UART_Start_Receive_DMA) refers to stm32f1xx_hal_uart.o(i.UART_DMARxHalfCplt) for UART_DMARxHalfCplt
    stm32f1xx_hal_uart.o(i.UART_Start_Receive_DMA) refers to stm32f1xx_hal_uart.o(i.UART_DMAError) for UART_DMAError
    stm32f1xx_hal_uart.o(i.UART_WaitOnFlagUntilTimeout) refers to stm32f1xx_hal.o(i.HAL_GetTick) for HAL_GetTick
    stm32f1xx_hal_uart.o(i.UART_WaitOnFlagUntilTimeout) refers to stm32f1xx_hal_uart.o(i.UART_EndRxTransfer) for UART_EndRxTransfer
    system_stm32f1xx.o(i.SystemCoreClockUpdate) refers to system_stm32f1xx.o(.data) for .data
    system_stm32f1xx.o(i.SystemCoreClockUpdate) refers to system_stm32f1xx.o(.constdata) for .constdata
    aht20-21_demo_v1_3.o(i.AHT20_Init) refers to aht20-21_demo_v1_3.o(i.Init_I2C_Sensor_Port) for Init_I2C_Sensor_Port
    aht20-21_demo_v1_3.o(i.AHT20_Init) refers to aht20-21_demo_v1_3.o(i.I2C_Start) for I2C_Start
    aht20-21_demo_v1_3.o(i.AHT20_Init) refers to aht20-21_demo_v1_3.o(i.AHT20_WR_Byte) for AHT20_WR_Byte
    aht20-21_demo_v1_3.o(i.AHT20_Init) refers to aht20-21_demo_v1_3.o(i.Receive_ACK) for Receive_ACK
    aht20-21_demo_v1_3.o(i.AHT20_Init) refers to aht20-21_demo_v1_3.o(i.Stop_I2C) for Stop_I2C
    aht20-21_demo_v1_3.o(i.AHT20_Init) refers to aht20-21_demo_v1_3.o(i.Delay_1ms) for Delay_1ms
    aht20-21_demo_v1_3.o(i.AHT20_RD_Byte) refers to aht20-21_demo_v1_3.o(i.SCL_Pin_Output_Low) for SCL_Pin_Output_Low
    aht20-21_demo_v1_3.o(i.AHT20_RD_Byte) refers to aht20-21_demo_v1_3.o(i.SDA_Pin_IN_FLOATING) for SDA_Pin_IN_FLOATING
    aht20-21_demo_v1_3.o(i.AHT20_RD_Byte) refers to aht20-21_demo_v1_3.o(i.SensorDelay_us) for SensorDelay_us
    aht20-21_demo_v1_3.o(i.AHT20_RD_Byte) refers to aht20-21_demo_v1_3.o(i.SCL_Pin_Output_High) for SCL_Pin_Output_High
    aht20-21_demo_v1_3.o(i.AHT20_RD_Byte) refers to aht20-21_demo_v1_3.o(i.Delay_5us) for Delay_5us
    aht20-21_demo_v1_3.o(i.AHT20_RD_Byte) refers to stm32f1xx_hal_gpio.o(i.HAL_GPIO_ReadPin) for HAL_GPIO_ReadPin
    aht20-21_demo_v1_3.o(i.AHT20_RD_Byte) refers to stm32f1xx_hal_gpio.o(i.HAL_GPIO_WritePin) for HAL_GPIO_WritePin
    aht20-21_demo_v1_3.o(i.AHT20_Read_CTdata) refers to aht20-21_demo_v1_3.o(i.AHT20_SendAC) for AHT20_SendAC
    aht20-21_demo_v1_3.o(i.AHT20_Read_CTdata) refers to aht20-21_demo_v1_3.o(i.Delay_1ms) for Delay_1ms
    aht20-21_demo_v1_3.o(i.AHT20_Read_CTdata) refers to aht20-21_demo_v1_3.o(i.SensorDelay_us) for SensorDelay_us
    aht20-21_demo_v1_3.o(i.AHT20_Read_CTdata) refers to aht20-21_demo_v1_3.o(i.AHT20_Read_Status) for AHT20_Read_Status
    aht20-21_demo_v1_3.o(i.AHT20_Read_CTdata) refers to aht20-21_demo_v1_3.o(i.I2C_Start) for I2C_Start
    aht20-21_demo_v1_3.o(i.AHT20_Read_CTdata) refers to aht20-21_demo_v1_3.o(i.AHT20_WR_Byte) for AHT20_WR_Byte
    aht20-21_demo_v1_3.o(i.AHT20_Read_CTdata) refers to aht20-21_demo_v1_3.o(i.Receive_ACK) for Receive_ACK
    aht20-21_demo_v1_3.o(i.AHT20_Read_CTdata) refers to aht20-21_demo_v1_3.o(i.AHT20_RD_Byte) for AHT20_RD_Byte
    aht20-21_demo_v1_3.o(i.AHT20_Read_CTdata) refers to aht20-21_demo_v1_3.o(i.Send_ACK) for Send_ACK
    aht20-21_demo_v1_3.o(i.AHT20_Read_CTdata) refers to aht20-21_demo_v1_3.o(i.Send_NOT_ACK) for Send_NOT_ACK
    aht20-21_demo_v1_3.o(i.AHT20_Read_CTdata) refers to aht20-21_demo_v1_3.o(i.Stop_I2C) for Stop_I2C
    aht20-21_demo_v1_3.o(i.AHT20_Read_CTdata_crc) refers to aht20-21_demo_v1_3.o(i.AHT20_SendAC) for AHT20_SendAC
    aht20-21_demo_v1_3.o(i.AHT20_Read_CTdata_crc) refers to aht20-21_demo_v1_3.o(i.Delay_1ms) for Delay_1ms
    aht20-21_demo_v1_3.o(i.AHT20_Read_CTdata_crc) refers to aht20-21_demo_v1_3.o(i.SensorDelay_us) for SensorDelay_us
    aht20-21_demo_v1_3.o(i.AHT20_Read_CTdata_crc) refers to aht20-21_demo_v1_3.o(i.AHT20_Read_Status) for AHT20_Read_Status
    aht20-21_demo_v1_3.o(i.AHT20_Read_CTdata_crc) refers to aht20-21_demo_v1_3.o(i.I2C_Start) for I2C_Start
    aht20-21_demo_v1_3.o(i.AHT20_Read_CTdata_crc) refers to aht20-21_demo_v1_3.o(i.AHT20_WR_Byte) for AHT20_WR_Byte
    aht20-21_demo_v1_3.o(i.AHT20_Read_CTdata_crc) refers to aht20-21_demo_v1_3.o(i.Receive_ACK) for Receive_ACK
    aht20-21_demo_v1_3.o(i.AHT20_Read_CTdata_crc) refers to aht20-21_demo_v1_3.o(i.AHT20_RD_Byte) for AHT20_RD_Byte
    aht20-21_demo_v1_3.o(i.AHT20_Read_CTdata_crc) refers to aht20-21_demo_v1_3.o(i.Send_ACK) for Send_ACK
    aht20-21_demo_v1_3.o(i.AHT20_Read_CTdata_crc) refers to aht20-21_demo_v1_3.o(i.Send_NOT_ACK) for Send_NOT_ACK
    aht20-21_demo_v1_3.o(i.AHT20_Read_CTdata_crc) refers to aht20-21_demo_v1_3.o(i.Stop_I2C) for Stop_I2C
    aht20-21_demo_v1_3.o(i.AHT20_Read_CTdata_crc) refers to aht20-21_demo_v1_3.o(i.Calc_CRC8) for Calc_CRC8
    aht20-21_demo_v1_3.o(i.AHT20_Read_Cal_Enable) refers to aht20-21_demo_v1_3.o(i.AHT20_Read_Status) for AHT20_Read_Status
    aht20-21_demo_v1_3.o(i.AHT20_Read_Status) refers to aht20-21_demo_v1_3.o(i.I2C_Start) for I2C_Start
    aht20-21_demo_v1_3.o(i.AHT20_Read_Status) refers to aht20-21_demo_v1_3.o(i.AHT20_WR_Byte) for AHT20_WR_Byte
    aht20-21_demo_v1_3.o(i.AHT20_Read_Status) refers to aht20-21_demo_v1_3.o(i.Receive_ACK) for Receive_ACK
    aht20-21_demo_v1_3.o(i.AHT20_Read_Status) refers to aht20-21_demo_v1_3.o(i.AHT20_RD_Byte) for AHT20_RD_Byte
    aht20-21_demo_v1_3.o(i.AHT20_Read_Status) refers to aht20-21_demo_v1_3.o(i.Send_NOT_ACK) for Send_NOT_ACK
    aht20-21_demo_v1_3.o(i.AHT20_Read_Status) refers to aht20-21_demo_v1_3.o(i.Stop_I2C) for Stop_I2C
    aht20-21_demo_v1_3.o(i.AHT20_SendAC) refers to aht20-21_demo_v1_3.o(i.I2C_Start) for I2C_Start
    aht20-21_demo_v1_3.o(i.AHT20_SendAC) refers to aht20-21_demo_v1_3.o(i.AHT20_WR_Byte) for AHT20_WR_Byte
    aht20-21_demo_v1_3.o(i.AHT20_SendAC) refers to aht20-21_demo_v1_3.o(i.Receive_ACK) for Receive_ACK
    aht20-21_demo_v1_3.o(i.AHT20_SendAC) refers to aht20-21_demo_v1_3.o(i.Stop_I2C) for Stop_I2C
    aht20-21_demo_v1_3.o(i.AHT20_Start_Init) refers to aht20-21_demo_v1_3.o(i.JH_Reset_REG) for JH_Reset_REG
    aht20-21_demo_v1_3.o(i.AHT20_WR_Byte) refers to aht20-21_demo_v1_3.o(i.SCL_Pin_Output_Low) for SCL_Pin_Output_Low
    aht20-21_demo_v1_3.o(i.AHT20_WR_Byte) refers to aht20-21_demo_v1_3.o(i.Delay_4us) for Delay_4us
    aht20-21_demo_v1_3.o(i.AHT20_WR_Byte) refers to aht20-21_demo_v1_3.o(i.SDA_Pin_Output_High) for SDA_Pin_Output_High
    aht20-21_demo_v1_3.o(i.AHT20_WR_Byte) refers to aht20-21_demo_v1_3.o(i.SDA_Pin_Output_Low) for SDA_Pin_Output_Low
    aht20-21_demo_v1_3.o(i.AHT20_WR_Byte) refers to aht20-21_demo_v1_3.o(i.SCL_Pin_Output_High) for SCL_Pin_Output_High
    aht20-21_demo_v1_3.o(i.AHT20_WR_Byte) refers to aht20-21_demo_v1_3.o(i.SensorDelay_us) for SensorDelay_us
    aht20-21_demo_v1_3.o(i.AHT20_WR_Byte) refers to aht20-21_demo_v1_3.o(i.SDA_Pin_IN_FLOATING) for SDA_Pin_IN_FLOATING
    aht20-21_demo_v1_3.o(i.Delay_1ms) refers to aht20-21_demo_v1_3.o(i.SensorDelay_us) for SensorDelay_us
    aht20-21_demo_v1_3.o(i.Delay_4us) refers to aht20-21_demo_v1_3.o(i.Delay_N10us) for Delay_N10us
    aht20-21_demo_v1_3.o(i.Delay_5us) refers to aht20-21_demo_v1_3.o(i.Delay_N10us) for Delay_N10us
    aht20-21_demo_v1_3.o(i.I2C_Start) refers to aht20-21_demo_v1_3.o(i.SDA_Pin_Output_High) for SDA_Pin_Output_High
    aht20-21_demo_v1_3.o(i.I2C_Start) refers to aht20-21_demo_v1_3.o(i.SensorDelay_us) for SensorDelay_us
    aht20-21_demo_v1_3.o(i.I2C_Start) refers to aht20-21_demo_v1_3.o(i.SCL_Pin_Output_High) for SCL_Pin_Output_High
    aht20-21_demo_v1_3.o(i.I2C_Start) refers to aht20-21_demo_v1_3.o(i.SDA_Pin_Output_Low) for SDA_Pin_Output_Low
    aht20-21_demo_v1_3.o(i.I2C_Start) refers to aht20-21_demo_v1_3.o(i.SCL_Pin_Output_Low) for SCL_Pin_Output_Low
    aht20-21_demo_v1_3.o(i.Init_I2C_Sensor_Port) refers to stm32f1xx_hal_gpio.o(i.HAL_GPIO_Init) for HAL_GPIO_Init
    aht20-21_demo_v1_3.o(i.Init_I2C_Sensor_Port) refers to stm32f1xx_hal_gpio.o(i.HAL_GPIO_WritePin) for HAL_GPIO_WritePin
    aht20-21_demo_v1_3.o(i.JH_Reset_REG) refers to aht20-21_demo_v1_3.o(i.I2C_Start) for I2C_Start
    aht20-21_demo_v1_3.o(i.JH_Reset_REG) refers to aht20-21_demo_v1_3.o(i.AHT20_WR_Byte) for AHT20_WR_Byte
    aht20-21_demo_v1_3.o(i.JH_Reset_REG) refers to aht20-21_demo_v1_3.o(i.Receive_ACK) for Receive_ACK
    aht20-21_demo_v1_3.o(i.JH_Reset_REG) refers to aht20-21_demo_v1_3.o(i.Stop_I2C) for Stop_I2C
    aht20-21_demo_v1_3.o(i.JH_Reset_REG) refers to aht20-21_demo_v1_3.o(i.Delay_1ms) for Delay_1ms
    aht20-21_demo_v1_3.o(i.JH_Reset_REG) refers to aht20-21_demo_v1_3.o(i.AHT20_RD_Byte) for AHT20_RD_Byte
    aht20-21_demo_v1_3.o(i.JH_Reset_REG) refers to aht20-21_demo_v1_3.o(i.Send_ACK) for Send_ACK
    aht20-21_demo_v1_3.o(i.JH_Reset_REG) refers to aht20-21_demo_v1_3.o(i.Send_NOT_ACK) for Send_NOT_ACK
    aht20-21_demo_v1_3.o(i.Receive_ACK) refers to aht20-21_demo_v1_3.o(i.SCL_Pin_Output_Low) for SCL_Pin_Output_Low
    aht20-21_demo_v1_3.o(i.Receive_ACK) refers to aht20-21_demo_v1_3.o(i.SDA_Pin_IN_FLOATING) for SDA_Pin_IN_FLOATING
    aht20-21_demo_v1_3.o(i.Receive_ACK) refers to aht20-21_demo_v1_3.o(i.SensorDelay_us) for SensorDelay_us
    aht20-21_demo_v1_3.o(i.Receive_ACK) refers to aht20-21_demo_v1_3.o(i.SCL_Pin_Output_High) for SCL_Pin_Output_High
    aht20-21_demo_v1_3.o(i.Receive_ACK) refers to stm32f1xx_hal_gpio.o(i.HAL_GPIO_ReadPin) for HAL_GPIO_ReadPin
    aht20-21_demo_v1_3.o(i.SCL_Pin_Output_High) refers to stm32f1xx_hal_gpio.o(i.HAL_GPIO_WritePin) for HAL_GPIO_WritePin
    aht20-21_demo_v1_3.o(i.SCL_Pin_Output_Low) refers to stm32f1xx_hal_gpio.o(i.HAL_GPIO_WritePin) for HAL_GPIO_WritePin
    aht20-21_demo_v1_3.o(i.SDA_Pin_IN_FLOATING) refers to stm32f1xx_hal_gpio.o(i.HAL_GPIO_Init) for HAL_GPIO_Init
    aht20-21_demo_v1_3.o(i.SDA_Pin_Output_High) refers to stm32f1xx_hal_gpio.o(i.HAL_GPIO_Init) for HAL_GPIO_Init
    aht20-21_demo_v1_3.o(i.SDA_Pin_Output_High) refers to stm32f1xx_hal_gpio.o(i.HAL_GPIO_WritePin) for HAL_GPIO_WritePin
    aht20-21_demo_v1_3.o(i.SDA_Pin_Output_Low) refers to stm32f1xx_hal_gpio.o(i.HAL_GPIO_Init) for HAL_GPIO_Init
    aht20-21_demo_v1_3.o(i.SDA_Pin_Output_Low) refers to stm32f1xx_hal_gpio.o(i.HAL_GPIO_WritePin) for HAL_GPIO_WritePin
    aht20-21_demo_v1_3.o(i.Send_ACK) refers to aht20-21_demo_v1_3.o(i.SCL_Pin_Output_Low) for SCL_Pin_Output_Low
    aht20-21_demo_v1_3.o(i.Send_ACK) refers to aht20-21_demo_v1_3.o(i.SensorDelay_us) for SensorDelay_us
    aht20-21_demo_v1_3.o(i.Send_ACK) refers to aht20-21_demo_v1_3.o(i.SDA_Pin_Output_Low) for SDA_Pin_Output_Low
    aht20-21_demo_v1_3.o(i.Send_ACK) refers to aht20-21_demo_v1_3.o(i.SCL_Pin_Output_High) for SCL_Pin_Output_High
    aht20-21_demo_v1_3.o(i.Send_ACK) refers to aht20-21_demo_v1_3.o(i.SDA_Pin_IN_FLOATING) for SDA_Pin_IN_FLOATING
    aht20-21_demo_v1_3.o(i.Send_NOT_ACK) refers to aht20-21_demo_v1_3.o(i.SCL_Pin_Output_Low) for SCL_Pin_Output_Low
    aht20-21_demo_v1_3.o(i.Send_NOT_ACK) refers to aht20-21_demo_v1_3.o(i.SensorDelay_us) for SensorDelay_us
    aht20-21_demo_v1_3.o(i.Send_NOT_ACK) refers to aht20-21_demo_v1_3.o(i.SDA_Pin_Output_High) for SDA_Pin_Output_High
    aht20-21_demo_v1_3.o(i.Send_NOT_ACK) refers to aht20-21_demo_v1_3.o(i.SCL_Pin_Output_High) for SCL_Pin_Output_High
    aht20-21_demo_v1_3.o(i.Send_NOT_ACK) refers to aht20-21_demo_v1_3.o(i.SDA_Pin_Output_Low) for SDA_Pin_Output_Low
    aht20-21_demo_v1_3.o(i.SensorDelay_us) refers to aht20-21_demo_v1_3.o(i.Delay_N10us) for Delay_N10us
    aht20-21_demo_v1_3.o(i.Stop_I2C) refers to aht20-21_demo_v1_3.o(i.SDA_Pin_Output_Low) for SDA_Pin_Output_Low
    aht20-21_demo_v1_3.o(i.Stop_I2C) refers to aht20-21_demo_v1_3.o(i.SensorDelay_us) for SensorDelay_us
    aht20-21_demo_v1_3.o(i.Stop_I2C) refers to aht20-21_demo_v1_3.o(i.SCL_Pin_Output_High) for SCL_Pin_Output_High
    aht20-21_demo_v1_3.o(i.Stop_I2C) refers to aht20-21_demo_v1_3.o(i.SDA_Pin_Output_High) for SDA_Pin_Output_High
    entry.o(.ARM.Collect$$$$00000000) refers (Special) to entry10a.o(.ARM.Collect$$$$0000000F) for __rt_final_cpp
    entry.o(.ARM.Collect$$$$00000000) refers (Special) to entry11a.o(.ARM.Collect$$$$00000011) for __rt_final_exit
    entry.o(.ARM.Collect$$$$00000000) refers (Special) to entry12b.o(.ARM.Collect$$$$0000000E) for __rt_lib_shutdown_fini
    entry.o(.ARM.Collect$$$$00000000) refers (Special) to entry7b.o(.ARM.Collect$$$$00000008) for _main_clock
    entry.o(.ARM.Collect$$$$00000000) refers (Special) to entry8b.o(.ARM.Collect$$$$0000000A) for _main_cpp_init
    entry.o(.ARM.Collect$$$$00000000) refers (Special) to entry9a.o(.ARM.Collect$$$$0000000B) for _main_init
    entry.o(.ARM.Collect$$$$00000000) refers (Special) to entry5.o(.ARM.Collect$$$$00000004) for _main_scatterload
    entry.o(.ARM.Collect$$$$00000000) refers (Special) to entry2.o(.ARM.Collect$$$$00000001) for _main_stk
    entry2.o(.ARM.Collect$$$$00000001) refers to entry2.o(.ARM.Collect$$$$00002712) for __lit__00000000
    entry2.o(.ARM.Collect$$$$00002712) refers to startup_stm32f103xb.o(STACK) for __initial_sp
    entry2.o(__vectab_stack_and_reset_area) refers to startup_stm32f103xb.o(STACK) for __initial_sp
    entry2.o(__vectab_stack_and_reset_area) refers to entry.o(.ARM.Collect$$$$00000000) for __main
    entry5.o(.ARM.Collect$$$$00000004) refers to init.o(.text) for __scatterload
    entry9a.o(.ARM.Collect$$$$0000000B) refers to main.o(i.main) for main
    entry9b.o(.ARM.Collect$$$$0000000C) refers to main.o(i.main) for main
    init.o(.text) refers to entry5.o(.ARM.Collect$$$$00000004) for __main_after_scatterload


==============================================================================

Removing Unused input sections from the image.

    Removing startup_stm32f103xb.o(HEAP), (512 bytes).
    Removing main.o(.rev16_text), (4 bytes).
    Removing main.o(.revsh_text), (4 bytes).
    Removing main.o(.rrx_text), (6 bytes).
    Removing gpio.o(.rev16_text), (4 bytes).
    Removing gpio.o(.revsh_text), (4 bytes).
    Removing gpio.o(.rrx_text), (6 bytes).
    Removing dma.o(.rev16_text), (4 bytes).
    Removing dma.o(.revsh_text), (4 bytes).
    Removing dma.o(.rrx_text), (6 bytes).
    Removing i2c.o(.rev16_text), (4 bytes).
    Removing i2c.o(.revsh_text), (4 bytes).
    Removing i2c.o(.rrx_text), (6 bytes).
    Removing i2c.o(i.HAL_I2C_MspDeInit), (76 bytes).
    Removing usart.o(.rev16_text), (4 bytes).
    Removing usart.o(.revsh_text), (4 bytes).
    Removing usart.o(.rrx_text), (6 bytes).
    Removing usart.o(i.HAL_UART_MspDeInit), (44 bytes).
    Removing usart.o(i.fputc), (24 bytes).
    Removing stm32f1xx_it.o(.rev16_text), (4 bytes).
    Removing stm32f1xx_it.o(.revsh_text), (4 bytes).
    Removing stm32f1xx_it.o(.rrx_text), (6 bytes).
    Removing stm32f1xx_hal_msp.o(.rev16_text), (4 bytes).
    Removing stm32f1xx_hal_msp.o(.revsh_text), (4 bytes).
    Removing stm32f1xx_hal_msp.o(.rrx_text), (6 bytes).
    Removing stm32f1xx_hal_gpio_ex.o(.rev16_text), (4 bytes).
    Removing stm32f1xx_hal_gpio_ex.o(.revsh_text), (4 bytes).
    Removing stm32f1xx_hal_gpio_ex.o(.rrx_text), (6 bytes).
    Removing stm32f1xx_hal_gpio_ex.o(i.HAL_GPIOEx_ConfigEventout), (20 bytes).
    Removing stm32f1xx_hal_gpio_ex.o(i.HAL_GPIOEx_DisableEventout), (16 bytes).
    Removing stm32f1xx_hal_gpio_ex.o(i.HAL_GPIOEx_EnableEventout), (16 bytes).
    Removing stm32f1xx_hal_i2c.o(.rev16_text), (4 bytes).
    Removing stm32f1xx_hal_i2c.o(.revsh_text), (4 bytes).
    Removing stm32f1xx_hal_i2c.o(.rrx_text), (6 bytes).
    Removing stm32f1xx_hal_i2c.o(i.HAL_I2C_DeInit), (50 bytes).
    Removing stm32f1xx_hal_i2c.o(i.HAL_I2C_DisableListen_IT), (68 bytes).
    Removing stm32f1xx_hal_i2c.o(i.HAL_I2C_ER_IRQHandler), (196 bytes).
    Removing stm32f1xx_hal_i2c.o(i.HAL_I2C_EnableListen_IT), (58 bytes).
    Removing stm32f1xx_hal_i2c.o(i.HAL_I2C_GetError), (4 bytes).
    Removing stm32f1xx_hal_i2c.o(i.HAL_I2C_GetMode), (6 bytes).
    Removing stm32f1xx_hal_i2c.o(i.HAL_I2C_GetState), (6 bytes).
    Removing stm32f1xx_hal_i2c.o(i.HAL_I2C_IsDeviceReady), (364 bytes).
    Removing stm32f1xx_hal_i2c.o(i.HAL_I2C_Master_Abort_IT), (98 bytes).
    Removing stm32f1xx_hal_i2c.o(i.HAL_I2C_Master_Receive), (592 bytes).
    Removing stm32f1xx_hal_i2c.o(i.HAL_I2C_Master_Receive_DMA), (340 bytes).
    Removing stm32f1xx_hal_i2c.o(i.HAL_I2C_Master_Receive_IT), (196 bytes).
    Removing stm32f1xx_hal_i2c.o(i.HAL_I2C_Master_Seq_Receive_DMA), (552 bytes).
    Removing stm32f1xx_hal_i2c.o(i.HAL_I2C_Master_Seq_Receive_IT), (320 bytes).
    Removing stm32f1xx_hal_i2c.o(i.HAL_I2C_Master_Seq_Transmit_DMA), (452 bytes).
    Removing stm32f1xx_hal_i2c.o(i.HAL_I2C_Master_Seq_Transmit_IT), (212 bytes).
    Removing stm32f1xx_hal_i2c.o(i.HAL_I2C_Master_Transmit), (300 bytes).
    Removing stm32f1xx_hal_i2c.o(i.HAL_I2C_Master_Transmit_DMA), (340 bytes).
    Removing stm32f1xx_hal_i2c.o(i.HAL_I2C_Master_Transmit_IT), (184 bytes).
    Removing stm32f1xx_hal_i2c.o(i.HAL_I2C_Mem_Read), (604 bytes).
    Removing stm32f1xx_hal_i2c.o(i.HAL_I2C_Mem_Read_DMA), (452 bytes).
    Removing stm32f1xx_hal_i2c.o(i.HAL_I2C_Mem_Read_IT), (220 bytes).
    Removing stm32f1xx_hal_i2c.o(i.HAL_I2C_Mem_Write), (304 bytes).
    Removing stm32f1xx_hal_i2c.o(i.HAL_I2C_Mem_Write_DMA), (400 bytes).
    Removing stm32f1xx_hal_i2c.o(i.HAL_I2C_Mem_Write_IT), (208 bytes).
    Removing stm32f1xx_hal_i2c.o(i.HAL_I2C_MspDeInit), (2 bytes).
    Removing stm32f1xx_hal_i2c.o(i.HAL_I2C_MspInit), (2 bytes).
    Removing stm32f1xx_hal_i2c.o(i.HAL_I2C_Slave_Receive), (372 bytes).
    Removing stm32f1xx_hal_i2c.o(i.HAL_I2C_Slave_Receive_DMA), (228 bytes).
    Removing stm32f1xx_hal_i2c.o(i.HAL_I2C_Slave_Receive_IT), (124 bytes).
    Removing stm32f1xx_hal_i2c.o(i.HAL_I2C_Slave_Seq_Receive_DMA), (352 bytes).
    Removing stm32f1xx_hal_i2c.o(i.HAL_I2C_Slave_Seq_Receive_IT), (116 bytes).
    Removing stm32f1xx_hal_i2c.o(i.HAL_I2C_Slave_Seq_Transmit_DMA), (352 bytes).
    Removing stm32f1xx_hal_i2c.o(i.HAL_I2C_Slave_Seq_Transmit_IT), (116 bytes).
    Removing stm32f1xx_hal_i2c.o(i.HAL_I2C_Slave_Transmit), (348 bytes).
    Removing stm32f1xx_hal_i2c.o(i.HAL_I2C_Slave_Transmit_DMA), (228 bytes).
    Removing stm32f1xx_hal_i2c.o(i.HAL_I2C_Slave_Transmit_IT), (124 bytes).
    Removing stm32f1xx_hal_i2c.o(i.I2C_DMAError), (54 bytes).
    Removing stm32f1xx_hal_i2c.o(i.I2C_DMAXferCplt), (274 bytes).
    Removing stm32f1xx_hal_i2c.o(i.I2C_IsAcknowledgeFailed), (46 bytes).
    Removing stm32f1xx_hal_i2c.o(i.I2C_MasterRequestRead), (236 bytes).
    Removing stm32f1xx_hal_i2c.o(i.I2C_MasterRequestWrite), (156 bytes).
    Removing stm32f1xx_hal_i2c.o(i.I2C_RequestMemoryRead), (252 bytes).
    Removing stm32f1xx_hal_i2c.o(i.I2C_RequestMemoryWrite), (168 bytes).
    Removing stm32f1xx_hal_i2c.o(i.I2C_Slave_AF), (144 bytes).
    Removing stm32f1xx_hal_i2c.o(i.I2C_WaitOnBTFFlagUntilTimeout), (86 bytes).
    Removing stm32f1xx_hal_i2c.o(i.I2C_WaitOnFlagUntilTimeout), (144 bytes).
    Removing stm32f1xx_hal_i2c.o(i.I2C_WaitOnMasterAddressFlagUntilTimeout), (188 bytes).
    Removing stm32f1xx_hal_i2c.o(i.I2C_WaitOnRXNEFlagUntilTimeout), (112 bytes).
    Removing stm32f1xx_hal_i2c.o(i.I2C_WaitOnTXEFlagUntilTimeout), (86 bytes).
    Removing stm32f1xx_hal.o(.rev16_text), (4 bytes).
    Removing stm32f1xx_hal.o(.revsh_text), (4 bytes).
    Removing stm32f1xx_hal.o(.rrx_text), (6 bytes).
    Removing stm32f1xx_hal.o(i.HAL_DBGMCU_DisableDBGSleepMode), (16 bytes).
    Removing stm32f1xx_hal.o(i.HAL_DBGMCU_DisableDBGStandbyMode), (16 bytes).
    Removing stm32f1xx_hal.o(i.HAL_DBGMCU_DisableDBGStopMode), (16 bytes).
    Removing stm32f1xx_hal.o(i.HAL_DBGMCU_EnableDBGSleepMode), (16 bytes).
    Removing stm32f1xx_hal.o(i.HAL_DBGMCU_EnableDBGStandbyMode), (16 bytes).
    Removing stm32f1xx_hal.o(i.HAL_DBGMCU_EnableDBGStopMode), (16 bytes).
    Removing stm32f1xx_hal.o(i.HAL_DeInit), (32 bytes).
    Removing stm32f1xx_hal.o(i.HAL_Delay), (36 bytes).
    Removing stm32f1xx_hal.o(i.HAL_GetDEVID), (16 bytes).
    Removing stm32f1xx_hal.o(i.HAL_GetHalVersion), (8 bytes).
    Removing stm32f1xx_hal.o(i.HAL_GetREVID), (12 bytes).
    Removing stm32f1xx_hal.o(i.HAL_GetTickFreq), (12 bytes).
    Removing stm32f1xx_hal.o(i.HAL_GetTickPrio), (12 bytes).
    Removing stm32f1xx_hal.o(i.HAL_GetUIDw0), (12 bytes).
    Removing stm32f1xx_hal.o(i.HAL_GetUIDw1), (12 bytes).
    Removing stm32f1xx_hal.o(i.HAL_GetUIDw2), (12 bytes).
    Removing stm32f1xx_hal.o(i.HAL_MspDeInit), (2 bytes).
    Removing stm32f1xx_hal.o(i.HAL_MspInit), (2 bytes).
    Removing stm32f1xx_hal.o(i.HAL_ResumeTick), (14 bytes).
    Removing stm32f1xx_hal.o(i.HAL_SetTickFreq), (36 bytes).
    Removing stm32f1xx_hal.o(i.HAL_SuspendTick), (14 bytes).
    Removing stm32f1xx_hal_rcc.o(.rev16_text), (4 bytes).
    Removing stm32f1xx_hal_rcc.o(.revsh_text), (4 bytes).
    Removing stm32f1xx_hal_rcc.o(.rrx_text), (6 bytes).
    Removing stm32f1xx_hal_rcc.o(i.HAL_RCC_CSSCallback), (2 bytes).
    Removing stm32f1xx_hal_rcc.o(i.HAL_RCC_DeInit), (220 bytes).
    Removing stm32f1xx_hal_rcc.o(i.HAL_RCC_DisableCSS), (12 bytes).
    Removing stm32f1xx_hal_rcc.o(i.HAL_RCC_EnableCSS), (12 bytes).
    Removing stm32f1xx_hal_rcc.o(i.HAL_RCC_GetClockConfig), (64 bytes).
    Removing stm32f1xx_hal_rcc.o(i.HAL_RCC_GetHCLKFreq), (12 bytes).
    Removing stm32f1xx_hal_rcc.o(i.HAL_RCC_GetOscConfig), (144 bytes).
    Removing stm32f1xx_hal_rcc.o(i.HAL_RCC_MCOConfig), (72 bytes).
    Removing stm32f1xx_hal_rcc.o(i.HAL_RCC_NMI_IRQHandler), (24 bytes).
    Removing stm32f1xx_hal_rcc_ex.o(.rev16_text), (4 bytes).
    Removing stm32f1xx_hal_rcc_ex.o(.revsh_text), (4 bytes).
    Removing stm32f1xx_hal_rcc_ex.o(.rrx_text), (6 bytes).
    Removing stm32f1xx_hal_rcc_ex.o(i.HAL_RCCEx_GetPeriphCLKConfig), (44 bytes).
    Removing stm32f1xx_hal_rcc_ex.o(i.HAL_RCCEx_GetPeriphCLKFreq), (164 bytes).
    Removing stm32f1xx_hal_rcc_ex.o(i.HAL_RCCEx_PeriphCLKConfig), (236 bytes).
    Removing stm32f1xx_hal_rcc_ex.o(.constdata), (18 bytes).
    Removing stm32f1xx_hal_gpio.o(.rev16_text), (4 bytes).
    Removing stm32f1xx_hal_gpio.o(.revsh_text), (4 bytes).
    Removing stm32f1xx_hal_gpio.o(.rrx_text), (6 bytes).
    Removing stm32f1xx_hal_gpio.o(i.HAL_GPIO_DeInit), (280 bytes).
    Removing stm32f1xx_hal_gpio.o(i.HAL_GPIO_EXTI_Callback), (2 bytes).
    Removing stm32f1xx_hal_gpio.o(i.HAL_GPIO_EXTI_IRQHandler), (24 bytes).
    Removing stm32f1xx_hal_gpio.o(i.HAL_GPIO_LockPin), (34 bytes).
    Removing stm32f1xx_hal_gpio.o(i.HAL_GPIO_TogglePin), (16 bytes).
    Removing stm32f1xx_hal_dma.o(.rev16_text), (4 bytes).
    Removing stm32f1xx_hal_dma.o(.revsh_text), (4 bytes).
    Removing stm32f1xx_hal_dma.o(.rrx_text), (6 bytes).
    Removing stm32f1xx_hal_dma.o(i.DMA_SetConfig), (42 bytes).
    Removing stm32f1xx_hal_dma.o(i.HAL_DMA_Abort), (70 bytes).
    Removing stm32f1xx_hal_dma.o(i.HAL_DMA_DeInit), (92 bytes).
    Removing stm32f1xx_hal_dma.o(i.HAL_DMA_GetError), (4 bytes).
    Removing stm32f1xx_hal_dma.o(i.HAL_DMA_PollForTransfer), (532 bytes).
    Removing stm32f1xx_hal_dma.o(i.HAL_DMA_RegisterCallback), (74 bytes).
    Removing stm32f1xx_hal_dma.o(i.HAL_DMA_Start), (80 bytes).
    Removing stm32f1xx_hal_dma.o(i.HAL_DMA_Start_IT), (112 bytes).
    Removing stm32f1xx_hal_dma.o(i.HAL_DMA_UnRegisterCallback), (82 bytes).
    Removing stm32f1xx_hal_cortex.o(.rev16_text), (4 bytes).
    Removing stm32f1xx_hal_cortex.o(.revsh_text), (4 bytes).
    Removing stm32f1xx_hal_cortex.o(.rrx_text), (6 bytes).
    Removing stm32f1xx_hal_cortex.o(i.HAL_NVIC_ClearPendingIRQ), (26 bytes).
    Removing stm32f1xx_hal_cortex.o(i.HAL_NVIC_DisableIRQ), (34 bytes).
    Removing stm32f1xx_hal_cortex.o(i.HAL_NVIC_GetActive), (36 bytes).
    Removing stm32f1xx_hal_cortex.o(i.HAL_NVIC_GetPendingIRQ), (36 bytes).
    Removing stm32f1xx_hal_cortex.o(i.HAL_NVIC_GetPriority), (82 bytes).
    Removing stm32f1xx_hal_cortex.o(i.HAL_NVIC_GetPriorityGrouping), (16 bytes).
    Removing stm32f1xx_hal_cortex.o(i.HAL_NVIC_SetPendingIRQ), (26 bytes).
    Removing stm32f1xx_hal_cortex.o(i.HAL_NVIC_SystemReset), (36 bytes).
    Removing stm32f1xx_hal_cortex.o(i.HAL_SYSTICK_CLKSourceConfig), (24 bytes).
    Removing stm32f1xx_hal_cortex.o(i.HAL_SYSTICK_Callback), (2 bytes).
    Removing stm32f1xx_hal_cortex.o(i.HAL_SYSTICK_IRQHandler), (8 bytes).
    Removing stm32f1xx_hal_pwr.o(.rev16_text), (4 bytes).
    Removing stm32f1xx_hal_pwr.o(.revsh_text), (4 bytes).
    Removing stm32f1xx_hal_pwr.o(.rrx_text), (6 bytes).
    Removing stm32f1xx_hal_pwr.o(i.HAL_PWR_ConfigPVD), (124 bytes).
    Removing stm32f1xx_hal_pwr.o(i.HAL_PWR_DeInit), (24 bytes).
    Removing stm32f1xx_hal_pwr.o(i.HAL_PWR_DisableBkUpAccess), (12 bytes).
    Removing stm32f1xx_hal_pwr.o(i.HAL_PWR_DisablePVD), (12 bytes).
    Removing stm32f1xx_hal_pwr.o(i.HAL_PWR_DisableSEVOnPend), (16 bytes).
    Removing stm32f1xx_hal_pwr.o(i.HAL_PWR_DisableSleepOnExit), (16 bytes).
    Removing stm32f1xx_hal_pwr.o(i.HAL_PWR_DisableWakeUpPin), (28 bytes).
    Removing stm32f1xx_hal_pwr.o(i.HAL_PWR_EnableBkUpAccess), (12 bytes).
    Removing stm32f1xx_hal_pwr.o(i.HAL_PWR_EnablePVD), (12 bytes).
    Removing stm32f1xx_hal_pwr.o(i.HAL_PWR_EnableSEVOnPend), (16 bytes).
    Removing stm32f1xx_hal_pwr.o(i.HAL_PWR_EnableSleepOnExit), (16 bytes).
    Removing stm32f1xx_hal_pwr.o(i.HAL_PWR_EnableWakeUpPin), (28 bytes).
    Removing stm32f1xx_hal_pwr.o(i.HAL_PWR_EnterSLEEPMode), (32 bytes).
    Removing stm32f1xx_hal_pwr.o(i.HAL_PWR_EnterSTANDBYMode), (32 bytes).
    Removing stm32f1xx_hal_pwr.o(i.HAL_PWR_EnterSTOPMode), (68 bytes).
    Removing stm32f1xx_hal_pwr.o(i.HAL_PWR_PVDCallback), (2 bytes).
    Removing stm32f1xx_hal_pwr.o(i.HAL_PWR_PVD_IRQHandler), (28 bytes).
    Removing stm32f1xx_hal_pwr.o(i.PWR_OverloadWfe), (6 bytes).
    Removing stm32f1xx_hal_flash.o(.rev16_text), (4 bytes).
    Removing stm32f1xx_hal_flash.o(.revsh_text), (4 bytes).
    Removing stm32f1xx_hal_flash.o(.rrx_text), (6 bytes).
    Removing stm32f1xx_hal_flash.o(i.FLASH_Program_HalfWord), (28 bytes).
    Removing stm32f1xx_hal_flash.o(i.FLASH_SetErrorCode), (92 bytes).
    Removing stm32f1xx_hal_flash.o(i.FLASH_WaitForLastOperation), (84 bytes).
    Removing stm32f1xx_hal_flash.o(i.HAL_FLASH_EndOfOperationCallback), (2 bytes).
    Removing stm32f1xx_hal_flash.o(i.HAL_FLASH_GetError), (12 bytes).
    Removing stm32f1xx_hal_flash.o(i.HAL_FLASH_IRQHandler), (264 bytes).
    Removing stm32f1xx_hal_flash.o(i.HAL_FLASH_Lock), (20 bytes).
    Removing stm32f1xx_hal_flash.o(i.HAL_FLASH_OB_Launch), (4 bytes).
    Removing stm32f1xx_hal_flash.o(i.HAL_FLASH_OB_Lock), (20 bytes).
    Removing stm32f1xx_hal_flash.o(i.HAL_FLASH_OB_Unlock), (36 bytes).
    Removing stm32f1xx_hal_flash.o(i.HAL_FLASH_OperationErrorCallback), (2 bytes).
    Removing stm32f1xx_hal_flash.o(i.HAL_FLASH_Program), (128 bytes).
    Removing stm32f1xx_hal_flash.o(i.HAL_FLASH_Program_IT), (80 bytes).
    Removing stm32f1xx_hal_flash.o(i.HAL_FLASH_Unlock), (40 bytes).
    Removing stm32f1xx_hal_flash.o(.bss), (32 bytes).
    Removing stm32f1xx_hal_flash_ex.o(.rev16_text), (4 bytes).
    Removing stm32f1xx_hal_flash_ex.o(.revsh_text), (4 bytes).
    Removing stm32f1xx_hal_flash_ex.o(.rrx_text), (6 bytes).
    Removing stm32f1xx_hal_flash_ex.o(i.FLASH_MassErase), (36 bytes).
    Removing stm32f1xx_hal_flash_ex.o(i.FLASH_OB_DisableWRP), (176 bytes).
    Removing stm32f1xx_hal_flash_ex.o(i.FLASH_OB_EnableWRP), (176 bytes).
    Removing stm32f1xx_hal_flash_ex.o(i.FLASH_OB_GetRDP), (24 bytes).
    Removing stm32f1xx_hal_flash_ex.o(i.FLASH_OB_RDP_LevelConfig), (100 bytes).
    Removing stm32f1xx_hal_flash_ex.o(i.FLASH_PageErase), (36 bytes).
    Removing stm32f1xx_hal_flash_ex.o(i.HAL_FLASHEx_Erase), (168 bytes).
    Removing stm32f1xx_hal_flash_ex.o(i.HAL_FLASHEx_Erase_IT), (72 bytes).
    Removing stm32f1xx_hal_flash_ex.o(i.HAL_FLASHEx_OBErase), (84 bytes).
    Removing stm32f1xx_hal_flash_ex.o(i.HAL_FLASHEx_OBGetConfig), (36 bytes).
    Removing stm32f1xx_hal_flash_ex.o(i.HAL_FLASHEx_OBGetUserData), (32 bytes).
    Removing stm32f1xx_hal_flash_ex.o(i.HAL_FLASHEx_OBProgram), (200 bytes).
    Removing stm32f1xx_hal_exti.o(.rev16_text), (4 bytes).
    Removing stm32f1xx_hal_exti.o(.revsh_text), (4 bytes).
    Removing stm32f1xx_hal_exti.o(.rrx_text), (6 bytes).
    Removing stm32f1xx_hal_exti.o(i.HAL_EXTI_ClearConfigLine), (104 bytes).
    Removing stm32f1xx_hal_exti.o(i.HAL_EXTI_ClearPending), (20 bytes).
    Removing stm32f1xx_hal_exti.o(i.HAL_EXTI_GenerateSWI), (20 bytes).
    Removing stm32f1xx_hal_exti.o(i.HAL_EXTI_GetConfigLine), (140 bytes).
    Removing stm32f1xx_hal_exti.o(i.HAL_EXTI_GetHandle), (12 bytes).
    Removing stm32f1xx_hal_exti.o(i.HAL_EXTI_GetPending), (24 bytes).
    Removing stm32f1xx_hal_exti.o(i.HAL_EXTI_IRQHandler), (36 bytes).
    Removing stm32f1xx_hal_exti.o(i.HAL_EXTI_RegisterCallback), (14 bytes).
    Removing stm32f1xx_hal_exti.o(i.HAL_EXTI_SetConfigLine), (164 bytes).
    Removing stm32f1xx_hal_uart.o(.rev16_text), (4 bytes).
    Removing stm32f1xx_hal_uart.o(.revsh_text), (4 bytes).
    Removing stm32f1xx_hal_uart.o(.rrx_text), (6 bytes).
    Removing stm32f1xx_hal_uart.o(i.HAL_HalfDuplex_EnableReceiver), (50 bytes).
    Removing stm32f1xx_hal_uart.o(i.HAL_HalfDuplex_EnableTransmitter), (50 bytes).
    Removing stm32f1xx_hal_uart.o(i.HAL_HalfDuplex_Init), (110 bytes).
    Removing stm32f1xx_hal_uart.o(i.HAL_LIN_Init), (130 bytes).
    Removing stm32f1xx_hal_uart.o(i.HAL_LIN_SendBreak), (60 bytes).
    Removing stm32f1xx_hal_uart.o(i.HAL_MultiProcessor_EnterMuteMode), (62 bytes).
    Removing stm32f1xx_hal_uart.o(i.HAL_MultiProcessor_ExitMuteMode), (62 bytes).
    Removing stm32f1xx_hal_uart.o(i.HAL_MultiProcessor_Init), (144 bytes).
    Removing stm32f1xx_hal_uart.o(i.HAL_UARTEx_GetRxEventType), (4 bytes).
    Removing stm32f1xx_hal_uart.o(i.HAL_UARTEx_ReceiveToIdle), (240 bytes).
    Removing stm32f1xx_hal_uart.o(i.HAL_UARTEx_ReceiveToIdle_DMA), (74 bytes).
    Removing stm32f1xx_hal_uart.o(i.HAL_UARTEx_ReceiveToIdle_IT), (78 bytes).
    Removing stm32f1xx_hal_uart.o(i.HAL_UARTEx_RxEventCallback), (2 bytes).
    Removing stm32f1xx_hal_uart.o(i.HAL_UART_Abort), (210 bytes).
    Removing stm32f1xx_hal_uart.o(i.HAL_UART_AbortCpltCallback), (2 bytes).
    Removing stm32f1xx_hal_uart.o(i.HAL_UART_AbortReceive), (148 bytes).
    Removing stm32f1xx_hal_uart.o(i.HAL_UART_AbortReceiveCpltCallback), (2 bytes).
    Removing stm32f1xx_hal_uart.o(i.HAL_UART_AbortReceive_IT), (152 bytes).
    Removing stm32f1xx_hal_uart.o(i.HAL_UART_AbortTransmit), (98 bytes).
    Removing stm32f1xx_hal_uart.o(i.HAL_UART_AbortTransmitCpltCallback), (2 bytes).
    Removing stm32f1xx_hal_uart.o(i.HAL_UART_AbortTransmit_IT), (104 bytes).
    Removing stm32f1xx_hal_uart.o(i.HAL_UART_Abort_IT), (244 bytes).
    Removing stm32f1xx_hal_uart.o(i.HAL_UART_DMAPause), (120 bytes).
    Removing stm32f1xx_hal_uart.o(i.HAL_UART_DMAResume), (114 bytes).
    Removing stm32f1xx_hal_uart.o(i.HAL_UART_DMAStop), (112 bytes).
    Removing stm32f1xx_hal_uart.o(i.HAL_UART_DeInit), (54 bytes).
    Removing stm32f1xx_hal_uart.o(i.HAL_UART_ErrorCallback), (2 bytes).
    Removing stm32f1xx_hal_uart.o(i.HAL_UART_GetError), (4 bytes).
    Removing stm32f1xx_hal_uart.o(i.HAL_UART_GetState), (10 bytes).
    Removing stm32f1xx_hal_uart.o(i.HAL_UART_IRQHandler), (620 bytes).
    Removing stm32f1xx_hal_uart.o(i.HAL_UART_MspDeInit), (2 bytes).
    Removing stm32f1xx_hal_uart.o(i.HAL_UART_MspInit), (2 bytes).
    Removing stm32f1xx_hal_uart.o(i.HAL_UART_Receive), (176 bytes).
    Removing stm32f1xx_hal_uart.o(i.HAL_UART_Receive_DMA), (28 bytes).
    Removing stm32f1xx_hal_uart.o(i.HAL_UART_Receive_IT), (28 bytes).
    Removing stm32f1xx_hal_uart.o(i.HAL_UART_RxCpltCallback), (2 bytes).
    Removing stm32f1xx_hal_uart.o(i.HAL_UART_RxHalfCpltCallback), (2 bytes).
    Removing stm32f1xx_hal_uart.o(i.HAL_UART_Transmit), (160 bytes).
    Removing stm32f1xx_hal_uart.o(i.HAL_UART_Transmit_DMA), (120 bytes).
    Removing stm32f1xx_hal_uart.o(i.HAL_UART_Transmit_IT), (50 bytes).
    Removing stm32f1xx_hal_uart.o(i.HAL_UART_TxCpltCallback), (2 bytes).
    Removing stm32f1xx_hal_uart.o(i.HAL_UART_TxHalfCpltCallback), (2 bytes).
    Removing stm32f1xx_hal_uart.o(i.UART_DMAAbortOnError), (16 bytes).
    Removing stm32f1xx_hal_uart.o(i.UART_DMAError), (74 bytes).
    Removing stm32f1xx_hal_uart.o(i.UART_DMAReceiveCplt), (134 bytes).
    Removing stm32f1xx_hal_uart.o(i.UART_DMARxAbortCallback), (44 bytes).
    Removing stm32f1xx_hal_uart.o(i.UART_DMARxHalfCplt), (30 bytes).
    Removing stm32f1xx_hal_uart.o(i.UART_DMARxOnlyAbortCallback), (22 bytes).
    Removing stm32f1xx_hal_uart.o(i.UART_DMATransmitCplt), (66 bytes).
    Removing stm32f1xx_hal_uart.o(i.UART_DMATxAbortCallback), (44 bytes).
    Removing stm32f1xx_hal_uart.o(i.UART_DMATxHalfCplt), (10 bytes).
    Removing stm32f1xx_hal_uart.o(i.UART_DMATxOnlyAbortCallback), (20 bytes).
    Removing stm32f1xx_hal_uart.o(i.UART_EndRxTransfer), (78 bytes).
    Removing stm32f1xx_hal_uart.o(i.UART_EndTxTransfer), (28 bytes).
    Removing stm32f1xx_hal_uart.o(i.UART_Receive_IT), (194 bytes).
    Removing stm32f1xx_hal_uart.o(i.UART_Start_Receive_DMA), (144 bytes).
    Removing stm32f1xx_hal_uart.o(i.UART_Start_Receive_IT), (54 bytes).
    Removing stm32f1xx_hal_uart.o(i.UART_WaitOnFlagUntilTimeout), (114 bytes).
    Removing system_stm32f1xx.o(.rev16_text), (4 bytes).
    Removing system_stm32f1xx.o(.revsh_text), (4 bytes).
    Removing system_stm32f1xx.o(.rrx_text), (6 bytes).
    Removing system_stm32f1xx.o(i.SystemCoreClockUpdate), (104 bytes).
    Removing aht20-21_demo_v1_3.o(.rev16_text), (4 bytes).
    Removing aht20-21_demo_v1_3.o(.revsh_text), (4 bytes).
    Removing aht20-21_demo_v1_3.o(.rrx_text), (6 bytes).
    Removing aht20-21_demo_v1_3.o(i.AHT20_RD_Byte), (96 bytes).
    Removing aht20-21_demo_v1_3.o(i.AHT20_Read_CTdata), (222 bytes).
    Removing aht20-21_demo_v1_3.o(i.AHT20_Read_CTdata_crc), (292 bytes).
    Removing aht20-21_demo_v1_3.o(i.AHT20_Read_Cal_Enable), (22 bytes).
    Removing aht20-21_demo_v1_3.o(i.AHT20_Read_Status), (34 bytes).
    Removing aht20-21_demo_v1_3.o(i.AHT20_SendAC), (54 bytes).
    Removing aht20-21_demo_v1_3.o(i.AHT20_Start_Init), (24 bytes).
    Removing aht20-21_demo_v1_3.o(i.Calc_CRC8), (50 bytes).
    Removing aht20-21_demo_v1_3.o(i.Delay_5us), (36 bytes).
    Removing aht20-21_demo_v1_3.o(i.JH_Reset_REG), (164 bytes).
    Removing aht20-21_demo_v1_3.o(i.Send_ACK), (56 bytes).
    Removing aht20-21_demo_v1_3.o(i.Send_NOT_ACK), (56 bytes).

307 unused section(s) (total 23896 bytes) removed from the image.

==============================================================================

Image Symbol Table

    Local Symbols

    Symbol Name                              Value     Ov Type        Size  Object(Section)

    ../Core/Src/dma.c                        0x00000000   Number         0  dma.o ABSOLUTE
    ../Core/Src/gpio.c                       0x00000000   Number         0  gpio.o ABSOLUTE
    ../Core/Src/i2c.c                        0x00000000   Number         0  i2c.o ABSOLUTE
    ../Core/Src/main.c                       0x00000000   Number         0  main.o ABSOLUTE
    ../Core/Src/stm32f1xx_hal_msp.c          0x00000000   Number         0  stm32f1xx_hal_msp.o ABSOLUTE
    ../Core/Src/stm32f1xx_it.c               0x00000000   Number         0  stm32f1xx_it.o ABSOLUTE
    ../Core/Src/system_stm32f1xx.c           0x00000000   Number         0  system_stm32f1xx.o ABSOLUTE
    ../Core/Src/usart.c                      0x00000000   Number         0  usart.o ABSOLUTE
    ../Drivers/STM32F1xx_HAL_Driver/Src/stm32f1xx_hal.c 0x00000000   Number         0  stm32f1xx_hal.o ABSOLUTE
    ../Drivers/STM32F1xx_HAL_Driver/Src/stm32f1xx_hal_cortex.c 0x00000000   Number         0  stm32f1xx_hal_cortex.o ABSOLUTE
    ../Drivers/STM32F1xx_HAL_Driver/Src/stm32f1xx_hal_dma.c 0x00000000   Number         0  stm32f1xx_hal_dma.o ABSOLUTE
    ../Drivers/STM32F1xx_HAL_Driver/Src/stm32f1xx_hal_exti.c 0x00000000   Number         0  stm32f1xx_hal_exti.o ABSOLUTE
    ../Drivers/STM32F1xx_HAL_Driver/Src/stm32f1xx_hal_flash.c 0x00000000   Number         0  stm32f1xx_hal_flash.o ABSOLUTE
    ../Drivers/STM32F1xx_HAL_Driver/Src/stm32f1xx_hal_flash_ex.c 0x00000000   Number         0  stm32f1xx_hal_flash_ex.o ABSOLUTE
    ../Drivers/STM32F1xx_HAL_Driver/Src/stm32f1xx_hal_gpio.c 0x00000000   Number         0  stm32f1xx_hal_gpio.o ABSOLUTE
    ../Drivers/STM32F1xx_HAL_Driver/Src/stm32f1xx_hal_gpio_ex.c 0x00000000   Number         0  stm32f1xx_hal_gpio_ex.o ABSOLUTE
    ../Drivers/STM32F1xx_HAL_Driver/Src/stm32f1xx_hal_i2c.c 0x00000000   Number         0  stm32f1xx_hal_i2c.o ABSOLUTE
    ../Drivers/STM32F1xx_HAL_Driver/Src/stm32f1xx_hal_pwr.c 0x00000000   Number         0  stm32f1xx_hal_pwr.o ABSOLUTE
    ../Drivers/STM32F1xx_HAL_Driver/Src/stm32f1xx_hal_rcc.c 0x00000000   Number         0  stm32f1xx_hal_rcc.o ABSOLUTE
    ../Drivers/STM32F1xx_HAL_Driver/Src/stm32f1xx_hal_rcc_ex.c 0x00000000   Number         0  stm32f1xx_hal_rcc_ex.o ABSOLUTE
    ../Drivers/STM32F1xx_HAL_Driver/Src/stm32f1xx_hal_uart.c 0x00000000   Number         0  stm32f1xx_hal_uart.o ABSOLUTE
    ../clib/microlib/init/entry.s            0x00000000   Number         0  entry12a.o ABSOLUTE
    ../clib/microlib/init/entry.s            0x00000000   Number         0  entry12b.o ABSOLUTE
    ../clib/microlib/init/entry.s            0x00000000   Number         0  entry.o ABSOLUTE
    ../clib/microlib/init/entry.s            0x00000000   Number         0  entry11a.o ABSOLUTE
    ../clib/microlib/init/entry.s            0x00000000   Number         0  entry11b.o ABSOLUTE
    ../clib/microlib/init/entry.s            0x00000000   Number         0  entry2.o ABSOLUTE
    ../clib/microlib/init/entry.s            0x00000000   Number         0  entry10b.o ABSOLUTE
    ../clib/microlib/init/entry.s            0x00000000   Number         0  entry10a.o ABSOLUTE
    ../clib/microlib/init/entry.s            0x00000000   Number         0  entry9b.o ABSOLUTE
    ../clib/microlib/init/entry.s            0x00000000   Number         0  entry9a.o ABSOLUTE
    ../clib/microlib/init/entry.s            0x00000000   Number         0  entry5.o ABSOLUTE
    ../clib/microlib/init/entry.s            0x00000000   Number         0  entry8b.o ABSOLUTE
    ../clib/microlib/init/entry.s            0x00000000   Number         0  entry8a.o ABSOLUTE
    ../clib/microlib/init/entry.s            0x00000000   Number         0  entry7b.o ABSOLUTE
    ../clib/microlib/init/entry.s            0x00000000   Number         0  entry7a.o ABSOLUTE
    ../clib/microlib/longlong.c              0x00000000   Number         0  llushr.o ABSOLUTE
    ../clib/microlib/string/memset.c         0x00000000   Number         0  memseta.o ABSOLUTE
    ..\Core\Src\dma.c                        0x00000000   Number         0  dma.o ABSOLUTE
    ..\Core\Src\gpio.c                       0x00000000   Number         0  gpio.o ABSOLUTE
    ..\Core\Src\i2c.c                        0x00000000   Number         0  i2c.o ABSOLUTE
    ..\Core\Src\main.c                       0x00000000   Number         0  main.o ABSOLUTE
    ..\Core\Src\stm32f1xx_hal_msp.c          0x00000000   Number         0  stm32f1xx_hal_msp.o ABSOLUTE
    ..\Core\Src\stm32f1xx_it.c               0x00000000   Number         0  stm32f1xx_it.o ABSOLUTE
    ..\Core\Src\system_stm32f1xx.c           0x00000000   Number         0  system_stm32f1xx.o ABSOLUTE
    ..\Core\Src\usart.c                      0x00000000   Number         0  usart.o ABSOLUTE
    ..\Drivers\STM32F1xx_HAL_Driver\Src\stm32f1xx_hal.c 0x00000000   Number         0  stm32f1xx_hal.o ABSOLUTE
    ..\Drivers\STM32F1xx_HAL_Driver\Src\stm32f1xx_hal_cortex.c 0x00000000   Number         0  stm32f1xx_hal_cortex.o ABSOLUTE
    ..\Drivers\STM32F1xx_HAL_Driver\Src\stm32f1xx_hal_dma.c 0x00000000   Number         0  stm32f1xx_hal_dma.o ABSOLUTE
    ..\Drivers\STM32F1xx_HAL_Driver\Src\stm32f1xx_hal_exti.c 0x00000000   Number         0  stm32f1xx_hal_exti.o ABSOLUTE
    ..\Drivers\STM32F1xx_HAL_Driver\Src\stm32f1xx_hal_flash.c 0x00000000   Number         0  stm32f1xx_hal_flash.o ABSOLUTE
    ..\Drivers\STM32F1xx_HAL_Driver\Src\stm32f1xx_hal_flash_ex.c 0x00000000   Number         0  stm32f1xx_hal_flash_ex.o ABSOLUTE
    ..\Drivers\STM32F1xx_HAL_Driver\Src\stm32f1xx_hal_gpio.c 0x00000000   Number         0  stm32f1xx_hal_gpio.o ABSOLUTE
    ..\Drivers\STM32F1xx_HAL_Driver\Src\stm32f1xx_hal_gpio_ex.c 0x00000000   Number         0  stm32f1xx_hal_gpio_ex.o ABSOLUTE
    ..\Drivers\STM32F1xx_HAL_Driver\Src\stm32f1xx_hal_i2c.c 0x00000000   Number         0  stm32f1xx_hal_i2c.o ABSOLUTE
    ..\Drivers\STM32F1xx_HAL_Driver\Src\stm32f1xx_hal_pwr.c 0x00000000   Number         0  stm32f1xx_hal_pwr.o ABSOLUTE
    ..\Drivers\STM32F1xx_HAL_Driver\Src\stm32f1xx_hal_rcc.c 0x00000000   Number         0  stm32f1xx_hal_rcc.o ABSOLUTE
    ..\Drivers\STM32F1xx_HAL_Driver\Src\stm32f1xx_hal_rcc_ex.c 0x00000000   Number         0  stm32f1xx_hal_rcc_ex.o ABSOLUTE
    ..\Drivers\STM32F1xx_HAL_Driver\Src\stm32f1xx_hal_uart.c 0x00000000   Number         0  stm32f1xx_hal_uart.o ABSOLUTE
    AHT\AHT20-21_DEMO_V1_3.c                 0x00000000   Number         0  aht20-21_demo_v1_3.o ABSOLUTE
    AHT\\AHT20-21_DEMO_V1_3.c                0x00000000   Number         0  aht20-21_demo_v1_3.o ABSOLUTE
    dc.s                                     0x00000000   Number         0  dc.o ABSOLUTE
    handlers.s                               0x00000000   Number         0  handlers.o ABSOLUTE
    init.s                                   0x00000000   Number         0  init.o ABSOLUTE
    startup_stm32f103xb.s                    0x00000000   Number         0  startup_stm32f103xb.o ABSOLUTE
    RESET                                    0x08000000   Section      236  startup_stm32f103xb.o(RESET)
    .ARM.Collect$$$$00000000                 0x080000ec   Section        0  entry.o(.ARM.Collect$$$$00000000)
    .ARM.Collect$$$$00000001                 0x080000ec   Section        4  entry2.o(.ARM.Collect$$$$00000001)
    .ARM.Collect$$$$00000004                 0x080000f0   Section        4  entry5.o(.ARM.Collect$$$$00000004)
    .ARM.Collect$$$$00000008                 0x080000f4   Section        0  entry7b.o(.ARM.Collect$$$$00000008)
    .ARM.Collect$$$$0000000A                 0x080000f4   Section        0  entry8b.o(.ARM.Collect$$$$0000000A)
    .ARM.Collect$$$$0000000B                 0x080000f4   Section        8  entry9a.o(.ARM.Collect$$$$0000000B)
    .ARM.Collect$$$$0000000E                 0x080000fc   Section        4  entry12b.o(.ARM.Collect$$$$0000000E)
    .ARM.Collect$$$$0000000F                 0x08000100   Section        0  entry10a.o(.ARM.Collect$$$$0000000F)
    .ARM.Collect$$$$00000011                 0x08000100   Section        0  entry11a.o(.ARM.Collect$$$$00000011)
    .ARM.Collect$$$$00002712                 0x08000100   Section        4  entry2.o(.ARM.Collect$$$$00002712)
    __lit__00000000                          0x08000100   Data           4  entry2.o(.ARM.Collect$$$$00002712)
    .text                                    0x08000104   Section       36  startup_stm32f103xb.o(.text)
    .text                                    0x08000128   Section        0  memseta.o(.text)
    .text                                    0x0800014c   Section       36  init.o(.text)
    i.AHT20_Init                             0x08000170   Section        0  aht20-21_demo_v1_3.o(i.AHT20_Init)
    i.AHT20_WR_Byte                          0x080001e6   Section        0  aht20-21_demo_v1_3.o(i.AHT20_WR_Byte)
    i.BusFault_Handler                       0x08000230   Section        0  stm32f1xx_it.o(i.BusFault_Handler)
    i.DMA1_Channel6_IRQHandler               0x08000234   Section        0  stm32f1xx_it.o(i.DMA1_Channel6_IRQHandler)
    i.DMA1_Channel7_IRQHandler               0x08000240   Section        0  stm32f1xx_it.o(i.DMA1_Channel7_IRQHandler)
    i.DebugMon_Handler                       0x0800024c   Section        0  stm32f1xx_it.o(i.DebugMon_Handler)
    i.Delay_1ms                              0x0800024e   Section        0  aht20-21_demo_v1_3.o(i.Delay_1ms)
    i.Delay_4us                              0x08000264   Section        0  aht20-21_demo_v1_3.o(i.Delay_4us)
    i.Delay_N10us                            0x08000282   Section        0  aht20-21_demo_v1_3.o(i.Delay_N10us)
    i.Error_Handler                          0x08000288   Section        0  main.o(i.Error_Handler)
    i.HAL_DMA_Abort_IT                       0x0800028c   Section        0  stm32f1xx_hal_dma.o(i.HAL_DMA_Abort_IT)
    i.HAL_DMA_GetState                       0x08000324   Section        0  stm32f1xx_hal_dma.o(i.HAL_DMA_GetState)
    i.HAL_DMA_IRQHandler                     0x0800032c   Section        0  stm32f1xx_hal_dma.o(i.HAL_DMA_IRQHandler)
    i.HAL_DMA_Init                           0x08000480   Section        0  stm32f1xx_hal_dma.o(i.HAL_DMA_Init)
    i.HAL_GPIO_Init                          0x080004dc   Section        0  stm32f1xx_hal_gpio.o(i.HAL_GPIO_Init)
    i.HAL_GPIO_ReadPin                       0x080006bc   Section        0  stm32f1xx_hal_gpio.o(i.HAL_GPIO_ReadPin)
    i.HAL_GPIO_WritePin                      0x080006c6   Section        0  stm32f1xx_hal_gpio.o(i.HAL_GPIO_WritePin)
    i.HAL_GetTick                            0x080006d0   Section        0  stm32f1xx_hal.o(i.HAL_GetTick)
    i.HAL_I2C_AbortCpltCallback              0x080006dc   Section        0  stm32f1xx_hal_i2c.o(i.HAL_I2C_AbortCpltCallback)
    i.HAL_I2C_AddrCallback                   0x080006de   Section        0  stm32f1xx_hal_i2c.o(i.HAL_I2C_AddrCallback)
    i.HAL_I2C_EV_IRQHandler                  0x080006e0   Section        0  stm32f1xx_hal_i2c.o(i.HAL_I2C_EV_IRQHandler)
    i.HAL_I2C_ErrorCallback                  0x08000910   Section        0  stm32f1xx_hal_i2c.o(i.HAL_I2C_ErrorCallback)
    i.HAL_I2C_Init                           0x08000914   Section        0  stm32f1xx_hal_i2c.o(i.HAL_I2C_Init)
    i.HAL_I2C_ListenCpltCallback             0x08000a9c   Section        0  stm32f1xx_hal_i2c.o(i.HAL_I2C_ListenCpltCallback)
    i.HAL_I2C_MasterRxCpltCallback           0x08000a9e   Section        0  stm32f1xx_hal_i2c.o(i.HAL_I2C_MasterRxCpltCallback)
    i.HAL_I2C_MasterTxCpltCallback           0x08000aa0   Section        0  stm32f1xx_hal_i2c.o(i.HAL_I2C_MasterTxCpltCallback)
    i.HAL_I2C_MemRxCpltCallback              0x08000aa2   Section        0  stm32f1xx_hal_i2c.o(i.HAL_I2C_MemRxCpltCallback)
    i.HAL_I2C_MemTxCpltCallback              0x08000aa4   Section        0  stm32f1xx_hal_i2c.o(i.HAL_I2C_MemTxCpltCallback)
    i.HAL_I2C_MspInit                        0x08000aa8   Section        0  i2c.o(i.HAL_I2C_MspInit)
    i.HAL_I2C_SlaveRxCpltCallback            0x08000b6c   Section        0  stm32f1xx_hal_i2c.o(i.HAL_I2C_SlaveRxCpltCallback)
    i.HAL_I2C_SlaveTxCpltCallback            0x08000b6e   Section        0  stm32f1xx_hal_i2c.o(i.HAL_I2C_SlaveTxCpltCallback)
    i.HAL_IncTick                            0x08000b70   Section        0  stm32f1xx_hal.o(i.HAL_IncTick)
    i.HAL_Init                               0x08000b80   Section        0  stm32f1xx_hal.o(i.HAL_Init)
    i.HAL_InitTick                           0x08000ba4   Section        0  stm32f1xx_hal.o(i.HAL_InitTick)
    i.HAL_MspInit                            0x08000be4   Section        0  stm32f1xx_hal_msp.o(i.HAL_MspInit)
    i.HAL_NVIC_EnableIRQ                     0x08000c20   Section        0  stm32f1xx_hal_cortex.o(i.HAL_NVIC_EnableIRQ)
    i.HAL_NVIC_SetPriority                   0x08000c3c   Section        0  stm32f1xx_hal_cortex.o(i.HAL_NVIC_SetPriority)
    i.HAL_NVIC_SetPriorityGrouping           0x08000c7c   Section        0  stm32f1xx_hal_cortex.o(i.HAL_NVIC_SetPriorityGrouping)
    i.HAL_RCC_ClockConfig                    0x08000ca0   Section        0  stm32f1xx_hal_rcc.o(i.HAL_RCC_ClockConfig)
    i.HAL_RCC_GetPCLK1Freq                   0x08000dcc   Section        0  stm32f1xx_hal_rcc.o(i.HAL_RCC_GetPCLK1Freq)
    i.HAL_RCC_GetPCLK2Freq                   0x08000dec   Section        0  stm32f1xx_hal_rcc.o(i.HAL_RCC_GetPCLK2Freq)
    i.HAL_RCC_GetSysClockFreq                0x08000e0c   Section        0  stm32f1xx_hal_rcc.o(i.HAL_RCC_GetSysClockFreq)
    i.HAL_RCC_OscConfig                      0x08000e58   Section        0  stm32f1xx_hal_rcc.o(i.HAL_RCC_OscConfig)
    i.HAL_SYSTICK_Config                     0x08001178   Section        0  stm32f1xx_hal_cortex.o(i.HAL_SYSTICK_Config)
    i.HAL_UART_Init                          0x080011a0   Section        0  stm32f1xx_hal_uart.o(i.HAL_UART_Init)
    i.HAL_UART_MspInit                       0x08001204   Section        0  usart.o(i.HAL_UART_MspInit)
    i.HardFault_Handler                      0x08001274   Section        0  stm32f1xx_it.o(i.HardFault_Handler)
    i.I2C1_EV_IRQHandler                     0x08001278   Section        0  stm32f1xx_it.o(i.I2C1_EV_IRQHandler)
    i.I2C_DMAAbort                           0x08001284   Section        0  stm32f1xx_hal_i2c.o(i.I2C_DMAAbort)
    I2C_DMAAbort                             0x08001285   Thumb Code   182  stm32f1xx_hal_i2c.o(i.I2C_DMAAbort)
    i.I2C_Flush_DR                           0x08001340   Section        0  stm32f1xx_hal_i2c.o(i.I2C_Flush_DR)
    I2C_Flush_DR                             0x08001341   Thumb Code    16  stm32f1xx_hal_i2c.o(i.I2C_Flush_DR)
    i.I2C_ITError                            0x08001350   Section        0  stm32f1xx_hal_i2c.o(i.I2C_ITError)
    I2C_ITError                              0x08001351   Thumb Code   336  stm32f1xx_hal_i2c.o(i.I2C_ITError)
    i.I2C_MasterReceive_BTF                  0x080014a8   Section        0  stm32f1xx_hal_i2c.o(i.I2C_MasterReceive_BTF)
    I2C_MasterReceive_BTF                    0x080014a9   Thumb Code   218  stm32f1xx_hal_i2c.o(i.I2C_MasterReceive_BTF)
    i.I2C_MasterReceive_RXNE                 0x08001584   Section        0  stm32f1xx_hal_i2c.o(i.I2C_MasterReceive_RXNE)
    I2C_MasterReceive_RXNE                   0x08001585   Thumb Code   238  stm32f1xx_hal_i2c.o(i.I2C_MasterReceive_RXNE)
    i.I2C_MasterTransmit_BTF                 0x08001678   Section        0  stm32f1xx_hal_i2c.o(i.I2C_MasterTransmit_BTF)
    I2C_MasterTransmit_BTF                   0x08001679   Thumb Code   130  stm32f1xx_hal_i2c.o(i.I2C_MasterTransmit_BTF)
    i.I2C_MasterTransmit_TXE                 0x080016fc   Section        0  stm32f1xx_hal_i2c.o(i.I2C_MasterTransmit_TXE)
    I2C_MasterTransmit_TXE                   0x080016fd   Thumb Code   182  stm32f1xx_hal_i2c.o(i.I2C_MasterTransmit_TXE)
    i.I2C_Master_ADDR                        0x080017b4   Section        0  stm32f1xx_hal_i2c.o(i.I2C_Master_ADDR)
    I2C_Master_ADDR                          0x080017b5   Thumb Code   340  stm32f1xx_hal_i2c.o(i.I2C_Master_ADDR)
    i.I2C_Master_SB                          0x0800190c   Section        0  stm32f1xx_hal_i2c.o(i.I2C_Master_SB)
    I2C_Master_SB                            0x0800190d   Thumb Code   140  stm32f1xx_hal_i2c.o(i.I2C_Master_SB)
    i.I2C_MemoryTransmit_TXE_BTF             0x08001998   Section        0  stm32f1xx_hal_i2c.o(i.I2C_MemoryTransmit_TXE_BTF)
    I2C_MemoryTransmit_TXE_BTF               0x08001999   Thumb Code   168  stm32f1xx_hal_i2c.o(i.I2C_MemoryTransmit_TXE_BTF)
    i.I2C_Slave_ADDR                         0x08001a40   Section        0  stm32f1xx_hal_i2c.o(i.I2C_Slave_ADDR)
    I2C_Slave_ADDR                           0x08001a41   Thumb Code    70  stm32f1xx_hal_i2c.o(i.I2C_Slave_ADDR)
    i.I2C_Slave_STOPF                        0x08001a88   Section        0  stm32f1xx_hal_i2c.o(i.I2C_Slave_STOPF)
    I2C_Slave_STOPF                          0x08001a89   Thumb Code   338  stm32f1xx_hal_i2c.o(i.I2C_Slave_STOPF)
    i.I2C_Start                              0x08001be4   Section        0  aht20-21_demo_v1_3.o(i.I2C_Start)
    i.Init_I2C_Sensor_Port                   0x08001c14   Section        0  aht20-21_demo_v1_3.o(i.Init_I2C_Sensor_Port)
    i.MX_DMA_Init                            0x08001c5c   Section        0  dma.o(i.MX_DMA_Init)
    i.MX_GPIO_Init                           0x08001c98   Section        0  gpio.o(i.MX_GPIO_Init)
    i.MX_I2C1_Init                           0x08001d18   Section        0  i2c.o(i.MX_I2C1_Init)
    i.MX_USART1_UART_Init                    0x08001d58   Section        0  usart.o(i.MX_USART1_UART_Init)
    i.MemManage_Handler                      0x08001d90   Section        0  stm32f1xx_it.o(i.MemManage_Handler)
    i.NMI_Handler                            0x08001d92   Section        0  stm32f1xx_it.o(i.NMI_Handler)
    i.PendSV_Handler                         0x08001d94   Section        0  stm32f1xx_it.o(i.PendSV_Handler)
    i.Receive_ACK                            0x08001d98   Section        0  aht20-21_demo_v1_3.o(i.Receive_ACK)
    i.SCL_Pin_Output_High                    0x08001de4   Section        0  aht20-21_demo_v1_3.o(i.SCL_Pin_Output_High)
    i.SCL_Pin_Output_Low                     0x08001df4   Section        0  aht20-21_demo_v1_3.o(i.SCL_Pin_Output_Low)
    i.SDA_Pin_IN_FLOATING                    0x08001e04   Section        0  aht20-21_demo_v1_3.o(i.SDA_Pin_IN_FLOATING)
    i.SDA_Pin_Output_High                    0x08001e20   Section        0  aht20-21_demo_v1_3.o(i.SDA_Pin_Output_High)
    i.SDA_Pin_Output_Low                     0x08001e48   Section        0  aht20-21_demo_v1_3.o(i.SDA_Pin_Output_Low)
    i.SVC_Handler                            0x08001e70   Section        0  stm32f1xx_it.o(i.SVC_Handler)
    i.SensorDelay_us                         0x08001e72   Section        0  aht20-21_demo_v1_3.o(i.SensorDelay_us)
    i.Stop_I2C                               0x08001e86   Section        0  aht20-21_demo_v1_3.o(i.Stop_I2C)
    i.SysTick_Handler                        0x08001eaa   Section        0  stm32f1xx_it.o(i.SysTick_Handler)
    i.SystemClock_Config                     0x08001eae   Section        0  main.o(i.SystemClock_Config)
    i.SystemInit                             0x08001f0c   Section        0  system_stm32f1xx.o(i.SystemInit)
    i.UART_SetConfig                         0x08001f10   Section        0  stm32f1xx_hal_uart.o(i.UART_SetConfig)
    UART_SetConfig                           0x08001f11   Thumb Code   178  stm32f1xx_hal_uart.o(i.UART_SetConfig)
    i.UsageFault_Handler                     0x08001fc8   Section        0  stm32f1xx_it.o(i.UsageFault_Handler)
    i.__NVIC_SetPriority                     0x08001fca   Section        0  stm32f1xx_hal_cortex.o(i.__NVIC_SetPriority)
    __NVIC_SetPriority                       0x08001fcb   Thumb Code    32  stm32f1xx_hal_cortex.o(i.__NVIC_SetPriority)
    i.__scatterload_copy                     0x08001fea   Section       14  handlers.o(i.__scatterload_copy)
    i.__scatterload_null                     0x08001ff8   Section        2  handlers.o(i.__scatterload_null)
    i.__scatterload_zeroinit                 0x08001ffa   Section       14  handlers.o(i.__scatterload_zeroinit)
    i.main                                   0x08002008   Section        0  main.o(i.main)
    .constdata                               0x08002036   Section       18  stm32f1xx_hal_rcc.o(.constdata)
    aPredivFactorTable                       0x08002036   Data           2  stm32f1xx_hal_rcc.o(.constdata)
    aPLLMULFactorTable                       0x08002038   Data          16  stm32f1xx_hal_rcc.o(.constdata)
    .constdata                               0x08002048   Section       16  system_stm32f1xx.o(.constdata)
    .constdata                               0x08002058   Section        8  system_stm32f1xx.o(.constdata)
    .data                                    0x20000000   Section       12  stm32f1xx_hal.o(.data)
    .data                                    0x2000000c   Section        4  system_stm32f1xx.o(.data)
    .bss                                     0x20000010   Section      220  i2c.o(.bss)
    .bss                                     0x200000ec   Section       72  usart.o(.bss)
    STACK                                    0x20000138   Section     1024  startup_stm32f103xb.o(STACK)

    Global Symbols

    Symbol Name                              Value     Ov Type        Size  Object(Section)

    BuildAttributes$$THM_ISAv4$P$D$K$B$S$PE$A:L22UL41UL21$X:L11$S22US41US21$IEEE1$IW$USESV6$~STKCKD$USESV7$~SHL$OSPACE$EBA8$MICROLIB$REQ8$PRES8$EABIv2 0x00000000   Number         0  anon$$obj.o ABSOLUTE
    __ARM_use_no_argv                        0x00000000   Number         0  main.o ABSOLUTE
    __arm_fini_                               - Undefined Weak Reference
    __cpp_initialize__aeabi_                  - Undefined Weak Reference
    __cxa_finalize                            - Undefined Weak Reference
    __decompress                              - Undefined Weak Reference
    _clock_init                               - Undefined Weak Reference
    _microlib_exit                            - Undefined Weak Reference
    __Vectors_Size                           0x000000ec   Number         0  startup_stm32f103xb.o ABSOLUTE
    __Vectors                                0x08000000   Data           4  startup_stm32f103xb.o(RESET)
    __Vectors_End                            0x080000ec   Data           0  startup_stm32f103xb.o(RESET)
    __main                                   0x080000ed   Thumb Code     0  entry.o(.ARM.Collect$$$$00000000)
    _main_stk                                0x080000ed   Thumb Code     0  entry2.o(.ARM.Collect$$$$00000001)
    _main_scatterload                        0x080000f1   Thumb Code     0  entry5.o(.ARM.Collect$$$$00000004)
    __main_after_scatterload                 0x080000f5   Thumb Code     0  entry5.o(.ARM.Collect$$$$00000004)
    _main_clock                              0x080000f5   Thumb Code     0  entry7b.o(.ARM.Collect$$$$00000008)
    _main_cpp_init                           0x080000f5   Thumb Code     0  entry8b.o(.ARM.Collect$$$$0000000A)
    _main_init                               0x080000f5   Thumb Code     0  entry9a.o(.ARM.Collect$$$$0000000B)
    __rt_lib_shutdown_fini                   0x080000fd   Thumb Code     0  entry12b.o(.ARM.Collect$$$$0000000E)
    __rt_final_cpp                           0x08000101   Thumb Code     0  entry10a.o(.ARM.Collect$$$$0000000F)
    __rt_final_exit                          0x08000101   Thumb Code     0  entry11a.o(.ARM.Collect$$$$00000011)
    Reset_Handler                            0x08000105   Thumb Code     8  startup_stm32f103xb.o(.text)
    ADC1_2_IRQHandler                        0x0800011f   Thumb Code     0  startup_stm32f103xb.o(.text)
    CAN1_RX1_IRQHandler                      0x0800011f   Thumb Code     0  startup_stm32f103xb.o(.text)
    CAN1_SCE_IRQHandler                      0x0800011f   Thumb Code     0  startup_stm32f103xb.o(.text)
    DMA1_Channel1_IRQHandler                 0x0800011f   Thumb Code     0  startup_stm32f103xb.o(.text)
    DMA1_Channel2_IRQHandler                 0x0800011f   Thumb Code     0  startup_stm32f103xb.o(.text)
    DMA1_Channel3_IRQHandler                 0x0800011f   Thumb Code     0  startup_stm32f103xb.o(.text)
    DMA1_Channel4_IRQHandler                 0x0800011f   Thumb Code     0  startup_stm32f103xb.o(.text)
    DMA1_Channel5_IRQHandler                 0x0800011f   Thumb Code     0  startup_stm32f103xb.o(.text)
    EXTI0_IRQHandler                         0x0800011f   Thumb Code     0  startup_stm32f103xb.o(.text)
    EXTI15_10_IRQHandler                     0x0800011f   Thumb Code     0  startup_stm32f103xb.o(.text)
    EXTI1_IRQHandler                         0x0800011f   Thumb Code     0  startup_stm32f103xb.o(.text)
    EXTI2_IRQHandler                         0x0800011f   Thumb Code     0  startup_stm32f103xb.o(.text)
    EXTI3_IRQHandler                         0x0800011f   Thumb Code     0  startup_stm32f103xb.o(.text)
    EXTI4_IRQHandler                         0x0800011f   Thumb Code     0  startup_stm32f103xb.o(.text)
    EXTI9_5_IRQHandler                       0x0800011f   Thumb Code     0  startup_stm32f103xb.o(.text)
    FLASH_IRQHandler                         0x0800011f   Thumb Code     0  startup_stm32f103xb.o(.text)
    I2C1_ER_IRQHandler                       0x0800011f   Thumb Code     0  startup_stm32f103xb.o(.text)
    I2C2_ER_IRQHandler                       0x0800011f   Thumb Code     0  startup_stm32f103xb.o(.text)
    I2C2_EV_IRQHandler                       0x0800011f   Thumb Code     0  startup_stm32f103xb.o(.text)
    PVD_IRQHandler                           0x0800011f   Thumb Code     0  startup_stm32f103xb.o(.text)
    RCC_IRQHandler                           0x0800011f   Thumb Code     0  startup_stm32f103xb.o(.text)
    RTC_Alarm_IRQHandler                     0x0800011f   Thumb Code     0  startup_stm32f103xb.o(.text)
    RTC_IRQHandler                           0x0800011f   Thumb Code     0  startup_stm32f103xb.o(.text)
    SPI1_IRQHandler                          0x0800011f   Thumb Code     0  startup_stm32f103xb.o(.text)
    SPI2_IRQHandler                          0x0800011f   Thumb Code     0  startup_stm32f103xb.o(.text)
    TAMPER_IRQHandler                        0x0800011f   Thumb Code     0  startup_stm32f103xb.o(.text)
    TIM1_BRK_IRQHandler                      0x0800011f   Thumb Code     0  startup_stm32f103xb.o(.text)
    TIM1_CC_IRQHandler                       0x0800011f   Thumb Code     0  startup_stm32f103xb.o(.text)
    TIM1_TRG_COM_IRQHandler                  0x0800011f   Thumb Code     0  startup_stm32f103xb.o(.text)
    TIM1_UP_IRQHandler                       0x0800011f   Thumb Code     0  startup_stm32f103xb.o(.text)
    TIM2_IRQHandler                          0x0800011f   Thumb Code     0  startup_stm32f103xb.o(.text)
    TIM3_IRQHandler                          0x0800011f   Thumb Code     0  startup_stm32f103xb.o(.text)
    TIM4_IRQHandler                          0x0800011f   Thumb Code     0  startup_stm32f103xb.o(.text)
    USART1_IRQHandler                        0x0800011f   Thumb Code     0  startup_stm32f103xb.o(.text)
    USART2_IRQHandler                        0x0800011f   Thumb Code     0  startup_stm32f103xb.o(.text)
    USART3_IRQHandler                        0x0800011f   Thumb Code     0  startup_stm32f103xb.o(.text)
    USBWakeUp_IRQHandler                     0x0800011f   Thumb Code     0  startup_stm32f103xb.o(.text)
    USB_HP_CAN1_TX_IRQHandler                0x0800011f   Thumb Code     0  startup_stm32f103xb.o(.text)
    USB_LP_CAN1_RX0_IRQHandler               0x0800011f   Thumb Code     0  startup_stm32f103xb.o(.text)
    WWDG_IRQHandler                          0x0800011f   Thumb Code     0  startup_stm32f103xb.o(.text)
    __aeabi_memset                           0x08000129   Thumb Code    14  memseta.o(.text)
    __aeabi_memset4                          0x08000129   Thumb Code     0  memseta.o(.text)
    __aeabi_memset8                          0x08000129   Thumb Code     0  memseta.o(.text)
    __aeabi_memclr                           0x08000137   Thumb Code     4  memseta.o(.text)
    __aeabi_memclr4                          0x08000137   Thumb Code     0  memseta.o(.text)
    __aeabi_memclr8                          0x08000137   Thumb Code     0  memseta.o(.text)
    _memset$wrapper                          0x0800013b   Thumb Code    18  memseta.o(.text)
    __scatterload                            0x0800014d   Thumb Code    28  init.o(.text)
    __scatterload_rt2                        0x0800014d   Thumb Code     0  init.o(.text)
    AHT20_Init                               0x08000171   Thumb Code   118  aht20-21_demo_v1_3.o(i.AHT20_Init)
    AHT20_WR_Byte                            0x080001e7   Thumb Code    74  aht20-21_demo_v1_3.o(i.AHT20_WR_Byte)
    BusFault_Handler                         0x08000231   Thumb Code     2  stm32f1xx_it.o(i.BusFault_Handler)
    DMA1_Channel6_IRQHandler                 0x08000235   Thumb Code     6  stm32f1xx_it.o(i.DMA1_Channel6_IRQHandler)
    DMA1_Channel7_IRQHandler                 0x08000241   Thumb Code     6  stm32f1xx_it.o(i.DMA1_Channel7_IRQHandler)
    DebugMon_Handler                         0x0800024d   Thumb Code     2  stm32f1xx_it.o(i.DebugMon_Handler)
    Delay_1ms                                0x0800024f   Thumb Code    22  aht20-21_demo_v1_3.o(i.Delay_1ms)
    Delay_4us                                0x08000265   Thumb Code    30  aht20-21_demo_v1_3.o(i.Delay_4us)
    Delay_N10us                              0x08000283   Thumb Code     6  aht20-21_demo_v1_3.o(i.Delay_N10us)
    Error_Handler                            0x08000289   Thumb Code     4  main.o(i.Error_Handler)
    HAL_DMA_Abort_IT                         0x0800028d   Thumb Code   148  stm32f1xx_hal_dma.o(i.HAL_DMA_Abort_IT)
    HAL_DMA_GetState                         0x08000325   Thumb Code     6  stm32f1xx_hal_dma.o(i.HAL_DMA_GetState)
    HAL_DMA_IRQHandler                       0x0800032d   Thumb Code   316  stm32f1xx_hal_dma.o(i.HAL_DMA_IRQHandler)
    HAL_DMA_Init                             0x08000481   Thumb Code    84  stm32f1xx_hal_dma.o(i.HAL_DMA_Init)
    HAL_GPIO_Init                            0x080004dd   Thumb Code   446  stm32f1xx_hal_gpio.o(i.HAL_GPIO_Init)
    HAL_GPIO_ReadPin                         0x080006bd   Thumb Code    10  stm32f1xx_hal_gpio.o(i.HAL_GPIO_ReadPin)
    HAL_GPIO_WritePin                        0x080006c7   Thumb Code    10  stm32f1xx_hal_gpio.o(i.HAL_GPIO_WritePin)
    HAL_GetTick                              0x080006d1   Thumb Code     6  stm32f1xx_hal.o(i.HAL_GetTick)
    HAL_I2C_AbortCpltCallback                0x080006dd   Thumb Code     2  stm32f1xx_hal_i2c.o(i.HAL_I2C_AbortCpltCallback)
    HAL_I2C_AddrCallback                     0x080006df   Thumb Code     2  stm32f1xx_hal_i2c.o(i.HAL_I2C_AddrCallback)
    HAL_I2C_EV_IRQHandler                    0x080006e1   Thumb Code   560  stm32f1xx_hal_i2c.o(i.HAL_I2C_EV_IRQHandler)
    HAL_I2C_ErrorCallback                    0x08000911   Thumb Code     2  stm32f1xx_hal_i2c.o(i.HAL_I2C_ErrorCallback)
    HAL_I2C_Init                             0x08000915   Thumb Code   376  stm32f1xx_hal_i2c.o(i.HAL_I2C_Init)
    HAL_I2C_ListenCpltCallback               0x08000a9d   Thumb Code     2  stm32f1xx_hal_i2c.o(i.HAL_I2C_ListenCpltCallback)
    HAL_I2C_MasterRxCpltCallback             0x08000a9f   Thumb Code     2  stm32f1xx_hal_i2c.o(i.HAL_I2C_MasterRxCpltCallback)
    HAL_I2C_MasterTxCpltCallback             0x08000aa1   Thumb Code     2  stm32f1xx_hal_i2c.o(i.HAL_I2C_MasterTxCpltCallback)
    HAL_I2C_MemRxCpltCallback                0x08000aa3   Thumb Code     2  stm32f1xx_hal_i2c.o(i.HAL_I2C_MemRxCpltCallback)
    HAL_I2C_MemTxCpltCallback                0x08000aa5   Thumb Code     2  stm32f1xx_hal_i2c.o(i.HAL_I2C_MemTxCpltCallback)
    HAL_I2C_MspInit                          0x08000aa9   Thumb Code   176  i2c.o(i.HAL_I2C_MspInit)
    HAL_I2C_SlaveRxCpltCallback              0x08000b6d   Thumb Code     2  stm32f1xx_hal_i2c.o(i.HAL_I2C_SlaveRxCpltCallback)
    HAL_I2C_SlaveTxCpltCallback              0x08000b6f   Thumb Code     2  stm32f1xx_hal_i2c.o(i.HAL_I2C_SlaveTxCpltCallback)
    HAL_IncTick                              0x08000b71   Thumb Code    12  stm32f1xx_hal.o(i.HAL_IncTick)
    HAL_Init                                 0x08000b81   Thumb Code    32  stm32f1xx_hal.o(i.HAL_Init)
    HAL_InitTick                             0x08000ba5   Thumb Code    54  stm32f1xx_hal.o(i.HAL_InitTick)
    HAL_MspInit                              0x08000be5   Thumb Code    52  stm32f1xx_hal_msp.o(i.HAL_MspInit)
    HAL_NVIC_EnableIRQ                       0x08000c21   Thumb Code    26  stm32f1xx_hal_cortex.o(i.HAL_NVIC_EnableIRQ)
    HAL_NVIC_SetPriority                     0x08000c3d   Thumb Code    60  stm32f1xx_hal_cortex.o(i.HAL_NVIC_SetPriority)
    HAL_NVIC_SetPriorityGrouping             0x08000c7d   Thumb Code    26  stm32f1xx_hal_cortex.o(i.HAL_NVIC_SetPriorityGrouping)
    HAL_RCC_ClockConfig                      0x08000ca1   Thumb Code   280  stm32f1xx_hal_rcc.o(i.HAL_RCC_ClockConfig)
    HAL_RCC_GetPCLK1Freq                     0x08000dcd   Thumb Code    20  stm32f1xx_hal_rcc.o(i.HAL_RCC_GetPCLK1Freq)
    HAL_RCC_GetPCLK2Freq                     0x08000ded   Thumb Code    20  stm32f1xx_hal_rcc.o(i.HAL_RCC_GetPCLK2Freq)
    HAL_RCC_GetSysClockFreq                  0x08000e0d   Thumb Code    58  stm32f1xx_hal_rcc.o(i.HAL_RCC_GetSysClockFreq)
    HAL_RCC_OscConfig                        0x08000e59   Thumb Code   778  stm32f1xx_hal_rcc.o(i.HAL_RCC_OscConfig)
    HAL_SYSTICK_Config                       0x08001179   Thumb Code    40  stm32f1xx_hal_cortex.o(i.HAL_SYSTICK_Config)
    HAL_UART_Init                            0x080011a1   Thumb Code   100  stm32f1xx_hal_uart.o(i.HAL_UART_Init)
    HAL_UART_MspInit                         0x08001205   Thumb Code   100  usart.o(i.HAL_UART_MspInit)
    HardFault_Handler                        0x08001275   Thumb Code     2  stm32f1xx_it.o(i.HardFault_Handler)
    I2C1_EV_IRQHandler                       0x08001279   Thumb Code     6  stm32f1xx_it.o(i.I2C1_EV_IRQHandler)
    I2C_Start                                0x08001be5   Thumb Code    46  aht20-21_demo_v1_3.o(i.I2C_Start)
    Init_I2C_Sensor_Port                     0x08001c15   Thumb Code    68  aht20-21_demo_v1_3.o(i.Init_I2C_Sensor_Port)
    MX_DMA_Init                              0x08001c5d   Thumb Code    56  dma.o(i.MX_DMA_Init)
    MX_GPIO_Init                             0x08001c99   Thumb Code   120  gpio.o(i.MX_GPIO_Init)
    MX_I2C1_Init                             0x08001d19   Thumb Code    50  i2c.o(i.MX_I2C1_Init)
    MX_USART1_UART_Init                      0x08001d59   Thumb Code    48  usart.o(i.MX_USART1_UART_Init)
    MemManage_Handler                        0x08001d91   Thumb Code     2  stm32f1xx_it.o(i.MemManage_Handler)
    NMI_Handler                              0x08001d93   Thumb Code     2  stm32f1xx_it.o(i.NMI_Handler)
    PendSV_Handler                           0x08001d95   Thumb Code     2  stm32f1xx_it.o(i.PendSV_Handler)
    Receive_ACK                              0x08001d99   Thumb Code    72  aht20-21_demo_v1_3.o(i.Receive_ACK)
    SCL_Pin_Output_High                      0x08001de5   Thumb Code    10  aht20-21_demo_v1_3.o(i.SCL_Pin_Output_High)
    SCL_Pin_Output_Low                       0x08001df5   Thumb Code    10  aht20-21_demo_v1_3.o(i.SCL_Pin_Output_Low)
    SDA_Pin_IN_FLOATING                      0x08001e05   Thumb Code    24  aht20-21_demo_v1_3.o(i.SDA_Pin_IN_FLOATING)
    SDA_Pin_Output_High                      0x08001e21   Thumb Code    36  aht20-21_demo_v1_3.o(i.SDA_Pin_Output_High)
    SDA_Pin_Output_Low                       0x08001e49   Thumb Code    36  aht20-21_demo_v1_3.o(i.SDA_Pin_Output_Low)
    SVC_Handler                              0x08001e71   Thumb Code     2  stm32f1xx_it.o(i.SVC_Handler)
    SensorDelay_us                           0x08001e73   Thumb Code    20  aht20-21_demo_v1_3.o(i.SensorDelay_us)
    Stop_I2C                                 0x08001e87   Thumb Code    36  aht20-21_demo_v1_3.o(i.Stop_I2C)
    SysTick_Handler                          0x08001eab   Thumb Code     4  stm32f1xx_it.o(i.SysTick_Handler)
    SystemClock_Config                       0x08001eaf   Thumb Code    94  main.o(i.SystemClock_Config)
    SystemInit                               0x08001f0d   Thumb Code     2  system_stm32f1xx.o(i.SystemInit)
    UsageFault_Handler                       0x08001fc9   Thumb Code     2  stm32f1xx_it.o(i.UsageFault_Handler)
    __scatterload_copy                       0x08001feb   Thumb Code    14  handlers.o(i.__scatterload_copy)
    __scatterload_null                       0x08001ff9   Thumb Code     2  handlers.o(i.__scatterload_null)
    __scatterload_zeroinit                   0x08001ffb   Thumb Code    14  handlers.o(i.__scatterload_zeroinit)
    main                                     0x08002009   Thumb Code    46  main.o(i.main)
    AHBPrescTable                            0x08002048   Data          16  system_stm32f1xx.o(.constdata)
    APBPrescTable                            0x08002058   Data           8  system_stm32f1xx.o(.constdata)
    Region$$Table$$Base                      0x08002060   Number         0  anon$$obj.o(Region$$Table)
    Region$$Table$$Limit                     0x08002080   Number         0  anon$$obj.o(Region$$Table)
    uwTickFreq                               0x20000000   Data           1  stm32f1xx_hal.o(.data)
    uwTickPrio                               0x20000004   Data           4  stm32f1xx_hal.o(.data)
    uwTick                                   0x20000008   Data           4  stm32f1xx_hal.o(.data)
    SystemCoreClock                          0x2000000c   Data           4  system_stm32f1xx.o(.data)
    hi2c1                                    0x20000010   Data          84  i2c.o(.bss)
    hdma_i2c1_tx                             0x20000064   Data          68  i2c.o(.bss)
    hdma_i2c1_rx                             0x200000a8   Data          68  i2c.o(.bss)
    huart1                                   0x200000ec   Data          72  usart.o(.bss)
    __initial_sp                             0x20000538   Data           0  startup_stm32f103xb.o(STACK)



==============================================================================

Memory Map of the image

  Image Entry point : 0x080000ed

  Load Region LR_IROM1 (Base: 0x08000000, Size: 0x00002090, Max: 0x00010000, ABSOLUTE)

    Execution Region ER_IROM1 (Exec base: 0x08000000, Load base: 0x08000000, Size: 0x00002080, Max: 0x00010000, ABSOLUTE)

    Exec Addr    Load Addr    Size         Type   Attr      Idx    E Section Name        Object

    0x08000000   0x08000000   0x000000ec   Data   RO            3    RESET               startup_stm32f103xb.o
    0x080000ec   0x080000ec   0x00000000   Code   RO         2431  * .ARM.Collect$$$$00000000  mc_w.l(entry.o)
    0x080000ec   0x080000ec   0x00000004   Code   RO         2438    .ARM.Collect$$$$00000001  mc_w.l(entry2.o)
    0x080000f0   0x080000f0   0x00000004   Code   RO         2441    .ARM.Collect$$$$00000004  mc_w.l(entry5.o)
    0x080000f4   0x080000f4   0x00000000   Code   RO         2443    .ARM.Collect$$$$00000008  mc_w.l(entry7b.o)
    0x080000f4   0x080000f4   0x00000000   Code   RO         2445    .ARM.Collect$$$$0000000A  mc_w.l(entry8b.o)
    0x080000f4   0x080000f4   0x00000008   Code   RO         2446    .ARM.Collect$$$$0000000B  mc_w.l(entry9a.o)
    0x080000fc   0x080000fc   0x00000004   Code   RO         2453    .ARM.Collect$$$$0000000E  mc_w.l(entry12b.o)
    0x08000100   0x08000100   0x00000000   Code   RO         2448    .ARM.Collect$$$$0000000F  mc_w.l(entry10a.o)
    0x08000100   0x08000100   0x00000000   Code   RO         2450    .ARM.Collect$$$$00000011  mc_w.l(entry11a.o)
    0x08000100   0x08000100   0x00000004   Code   RO         2439    .ARM.Collect$$$$00002712  mc_w.l(entry2.o)
    0x08000104   0x08000104   0x00000024   Code   RO            4    .text               startup_stm32f103xb.o
    0x08000128   0x08000128   0x00000024   Code   RO         2436    .text               mc_w.l(memseta.o)
    0x0800014c   0x0800014c   0x00000024   Code   RO         2454    .text               mc_w.l(init.o)
    0x08000170   0x08000170   0x00000076   Code   RO         2262    i.AHT20_Init        aht20-21_demo_v1_3.o
    0x080001e6   0x080001e6   0x0000004a   Code   RO         2270    i.AHT20_WR_Byte     aht20-21_demo_v1_3.o
    0x08000230   0x08000230   0x00000002   Code   RO          293    i.BusFault_Handler  stm32f1xx_it.o
    0x08000232   0x08000232   0x00000002   PAD
    0x08000234   0x08000234   0x0000000c   Code   RO          294    i.DMA1_Channel6_IRQHandler  stm32f1xx_it.o
    0x08000240   0x08000240   0x0000000c   Code   RO          295    i.DMA1_Channel7_IRQHandler  stm32f1xx_it.o
    0x0800024c   0x0800024c   0x00000002   Code   RO          296    i.DebugMon_Handler  stm32f1xx_it.o
    0x0800024e   0x0800024e   0x00000016   Code   RO         2272    i.Delay_1ms         aht20-21_demo_v1_3.o
    0x08000264   0x08000264   0x0000001e   Code   RO         2273    i.Delay_4us         aht20-21_demo_v1_3.o
    0x08000282   0x08000282   0x00000006   Code   RO         2275    i.Delay_N10us       aht20-21_demo_v1_3.o
    0x08000288   0x08000288   0x00000004   Code   RO           13    i.Error_Handler     main.o
    0x0800028c   0x0800028c   0x00000098   Code   RO         1266    i.HAL_DMA_Abort_IT  stm32f1xx_hal_dma.o
    0x08000324   0x08000324   0x00000006   Code   RO         1269    i.HAL_DMA_GetState  stm32f1xx_hal_dma.o
    0x0800032a   0x0800032a   0x00000002   PAD
    0x0800032c   0x0800032c   0x00000154   Code   RO         1270    i.HAL_DMA_IRQHandler  stm32f1xx_hal_dma.o
    0x08000480   0x08000480   0x0000005c   Code   RO         1271    i.HAL_DMA_Init      stm32f1xx_hal_dma.o
    0x080004dc   0x080004dc   0x000001e0   Code   RO         1201    i.HAL_GPIO_Init     stm32f1xx_hal_gpio.o
    0x080006bc   0x080006bc   0x0000000a   Code   RO         1203    i.HAL_GPIO_ReadPin  stm32f1xx_hal_gpio.o
    0x080006c6   0x080006c6   0x0000000a   Code   RO         1205    i.HAL_GPIO_WritePin  stm32f1xx_hal_gpio.o
    0x080006d0   0x080006d0   0x0000000c   Code   RO          895    i.HAL_GetTick       stm32f1xx_hal.o
    0x080006dc   0x080006dc   0x00000002   Code   RO          447    i.HAL_I2C_AbortCpltCallback  stm32f1xx_hal_i2c.o
    0x080006de   0x080006de   0x00000002   Code   RO          448    i.HAL_I2C_AddrCallback  stm32f1xx_hal_i2c.o
    0x080006e0   0x080006e0   0x00000230   Code   RO          452    i.HAL_I2C_EV_IRQHandler  stm32f1xx_hal_i2c.o
    0x08000910   0x08000910   0x00000002   Code   RO          454    i.HAL_I2C_ErrorCallback  stm32f1xx_hal_i2c.o
    0x08000912   0x08000912   0x00000002   PAD
    0x08000914   0x08000914   0x00000188   Code   RO          458    i.HAL_I2C_Init      stm32f1xx_hal_i2c.o
    0x08000a9c   0x08000a9c   0x00000002   Code   RO          460    i.HAL_I2C_ListenCpltCallback  stm32f1xx_hal_i2c.o
    0x08000a9e   0x08000a9e   0x00000002   Code   RO          461    i.HAL_I2C_MasterRxCpltCallback  stm32f1xx_hal_i2c.o
    0x08000aa0   0x08000aa0   0x00000002   Code   RO          462    i.HAL_I2C_MasterTxCpltCallback  stm32f1xx_hal_i2c.o
    0x08000aa2   0x08000aa2   0x00000002   Code   RO          474    i.HAL_I2C_MemRxCpltCallback  stm32f1xx_hal_i2c.o
    0x08000aa4   0x08000aa4   0x00000002   Code   RO          475    i.HAL_I2C_MemTxCpltCallback  stm32f1xx_hal_i2c.o
    0x08000aa6   0x08000aa6   0x00000002   PAD
    0x08000aa8   0x08000aa8   0x000000c4   Code   RO          204    i.HAL_I2C_MspInit   i2c.o
    0x08000b6c   0x08000b6c   0x00000002   Code   RO          484    i.HAL_I2C_SlaveRxCpltCallback  stm32f1xx_hal_i2c.o
    0x08000b6e   0x08000b6e   0x00000002   Code   RO          485    i.HAL_I2C_SlaveTxCpltCallback  stm32f1xx_hal_i2c.o
    0x08000b70   0x08000b70   0x00000010   Code   RO          901    i.HAL_IncTick       stm32f1xx_hal.o
    0x08000b80   0x08000b80   0x00000024   Code   RO          902    i.HAL_Init          stm32f1xx_hal.o
    0x08000ba4   0x08000ba4   0x00000040   Code   RO          903    i.HAL_InitTick      stm32f1xx_hal.o
    0x08000be4   0x08000be4   0x0000003c   Code   RO          387    i.HAL_MspInit       stm32f1xx_hal_msp.o
    0x08000c20   0x08000c20   0x0000001a   Code   RO         1361    i.HAL_NVIC_EnableIRQ  stm32f1xx_hal_cortex.o
    0x08000c3a   0x08000c3a   0x00000002   PAD
    0x08000c3c   0x08000c3c   0x00000040   Code   RO         1367    i.HAL_NVIC_SetPriority  stm32f1xx_hal_cortex.o
    0x08000c7c   0x08000c7c   0x00000024   Code   RO         1368    i.HAL_NVIC_SetPriorityGrouping  stm32f1xx_hal_cortex.o
    0x08000ca0   0x08000ca0   0x0000012c   Code   RO         1059    i.HAL_RCC_ClockConfig  stm32f1xx_hal_rcc.o
    0x08000dcc   0x08000dcc   0x00000020   Code   RO         1066    i.HAL_RCC_GetPCLK1Freq  stm32f1xx_hal_rcc.o
    0x08000dec   0x08000dec   0x00000020   Code   RO         1067    i.HAL_RCC_GetPCLK2Freq  stm32f1xx_hal_rcc.o
    0x08000e0c   0x08000e0c   0x0000004c   Code   RO         1068    i.HAL_RCC_GetSysClockFreq  stm32f1xx_hal_rcc.o
    0x08000e58   0x08000e58   0x00000320   Code   RO         1071    i.HAL_RCC_OscConfig  stm32f1xx_hal_rcc.o
    0x08001178   0x08001178   0x00000028   Code   RO         1372    i.HAL_SYSTICK_Config  stm32f1xx_hal_cortex.o
    0x080011a0   0x080011a0   0x00000064   Code   RO         1891    i.HAL_UART_Init     stm32f1xx_hal_uart.o
    0x08001204   0x08001204   0x00000070   Code   RO          246    i.HAL_UART_MspInit  usart.o
    0x08001274   0x08001274   0x00000002   Code   RO          297    i.HardFault_Handler  stm32f1xx_it.o
    0x08001276   0x08001276   0x00000002   PAD
    0x08001278   0x08001278   0x0000000c   Code   RO          298    i.I2C1_EV_IRQHandler  stm32f1xx_it.o
    0x08001284   0x08001284   0x000000bc   Code   RO          496    i.I2C_DMAAbort      stm32f1xx_hal_i2c.o
    0x08001340   0x08001340   0x00000010   Code   RO          499    i.I2C_Flush_DR      stm32f1xx_hal_i2c.o
    0x08001350   0x08001350   0x00000158   Code   RO          500    i.I2C_ITError       stm32f1xx_hal_i2c.o
    0x080014a8   0x080014a8   0x000000da   Code   RO          502    i.I2C_MasterReceive_BTF  stm32f1xx_hal_i2c.o
    0x08001582   0x08001582   0x00000002   PAD
    0x08001584   0x08001584   0x000000f4   Code   RO          503    i.I2C_MasterReceive_RXNE  stm32f1xx_hal_i2c.o
    0x08001678   0x08001678   0x00000082   Code   RO          506    i.I2C_MasterTransmit_BTF  stm32f1xx_hal_i2c.o
    0x080016fa   0x080016fa   0x00000002   PAD
    0x080016fc   0x080016fc   0x000000b6   Code   RO          507    i.I2C_MasterTransmit_TXE  stm32f1xx_hal_i2c.o
    0x080017b2   0x080017b2   0x00000002   PAD
    0x080017b4   0x080017b4   0x00000158   Code   RO          508    i.I2C_Master_ADDR   stm32f1xx_hal_i2c.o
    0x0800190c   0x0800190c   0x0000008c   Code   RO          509    i.I2C_Master_SB     stm32f1xx_hal_i2c.o
    0x08001998   0x08001998   0x000000a8   Code   RO          510    i.I2C_MemoryTransmit_TXE_BTF  stm32f1xx_hal_i2c.o
    0x08001a40   0x08001a40   0x00000046   Code   RO          513    i.I2C_Slave_ADDR    stm32f1xx_hal_i2c.o
    0x08001a86   0x08001a86   0x00000002   PAD
    0x08001a88   0x08001a88   0x0000015c   Code   RO          515    i.I2C_Slave_STOPF   stm32f1xx_hal_i2c.o
    0x08001be4   0x08001be4   0x0000002e   Code   RO         2276    i.I2C_Start         aht20-21_demo_v1_3.o
    0x08001c12   0x08001c12   0x00000002   PAD
    0x08001c14   0x08001c14   0x00000048   Code   RO         2277    i.Init_I2C_Sensor_Port  aht20-21_demo_v1_3.o
    0x08001c5c   0x08001c5c   0x0000003c   Code   RO          179    i.MX_DMA_Init       dma.o
    0x08001c98   0x08001c98   0x00000080   Code   RO          155    i.MX_GPIO_Init      gpio.o
    0x08001d18   0x08001d18   0x00000040   Code   RO          205    i.MX_I2C1_Init      i2c.o
    0x08001d58   0x08001d58   0x00000038   Code   RO          247    i.MX_USART1_UART_Init  usart.o
    0x08001d90   0x08001d90   0x00000002   Code   RO          299    i.MemManage_Handler  stm32f1xx_it.o
    0x08001d92   0x08001d92   0x00000002   Code   RO          300    i.NMI_Handler       stm32f1xx_it.o
    0x08001d94   0x08001d94   0x00000002   Code   RO          301    i.PendSV_Handler    stm32f1xx_it.o
    0x08001d96   0x08001d96   0x00000002   PAD
    0x08001d98   0x08001d98   0x0000004c   Code   RO         2279    i.Receive_ACK       aht20-21_demo_v1_3.o
    0x08001de4   0x08001de4   0x00000010   Code   RO         2280    i.SCL_Pin_Output_High  aht20-21_demo_v1_3.o
    0x08001df4   0x08001df4   0x00000010   Code   RO         2281    i.SCL_Pin_Output_Low  aht20-21_demo_v1_3.o
    0x08001e04   0x08001e04   0x0000001c   Code   RO         2282    i.SDA_Pin_IN_FLOATING  aht20-21_demo_v1_3.o
    0x08001e20   0x08001e20   0x00000028   Code   RO         2283    i.SDA_Pin_Output_High  aht20-21_demo_v1_3.o
    0x08001e48   0x08001e48   0x00000028   Code   RO         2284    i.SDA_Pin_Output_Low  aht20-21_demo_v1_3.o
    0x08001e70   0x08001e70   0x00000002   Code   RO          302    i.SVC_Handler       stm32f1xx_it.o
    0x08001e72   0x08001e72   0x00000014   Code   RO         2287    i.SensorDelay_us    aht20-21_demo_v1_3.o
    0x08001e86   0x08001e86   0x00000024   Code   RO         2288    i.Stop_I2C          aht20-21_demo_v1_3.o
    0x08001eaa   0x08001eaa   0x00000004   Code   RO          303    i.SysTick_Handler   stm32f1xx_it.o
    0x08001eae   0x08001eae   0x0000005e   Code   RO           14    i.SystemClock_Config  main.o
    0x08001f0c   0x08001f0c   0x00000002   Code   RO         2225    i.SystemInit        system_stm32f1xx.o
    0x08001f0e   0x08001f0e   0x00000002   PAD
    0x08001f10   0x08001f10   0x000000b8   Code   RO         1917    i.UART_SetConfig    stm32f1xx_hal_uart.o
    0x08001fc8   0x08001fc8   0x00000002   Code   RO          304    i.UsageFault_Handler  stm32f1xx_it.o
    0x08001fca   0x08001fca   0x00000020   Code   RO         1374    i.__NVIC_SetPriority  stm32f1xx_hal_cortex.o
    0x08001fea   0x08001fea   0x0000000e   Code   RO         2458    i.__scatterload_copy  mc_w.l(handlers.o)
    0x08001ff8   0x08001ff8   0x00000002   Code   RO         2459    i.__scatterload_null  mc_w.l(handlers.o)
    0x08001ffa   0x08001ffa   0x0000000e   Code   RO         2460    i.__scatterload_zeroinit  mc_w.l(handlers.o)
    0x08002008   0x08002008   0x0000002e   Code   RO           15    i.main              main.o
    0x08002036   0x08002036   0x00000012   Data   RO         1072    .constdata          stm32f1xx_hal_rcc.o
    0x08002048   0x08002048   0x00000010   Data   RO         2226    .constdata          system_stm32f1xx.o
    0x08002058   0x08002058   0x00000008   Data   RO         2227    .constdata          system_stm32f1xx.o
    0x08002060   0x08002060   0x00000020   Data   RO         2456    Region$$Table       anon$$obj.o


    Execution Region RW_IRAM1 (Exec base: 0x20000000, Load base: 0x08002080, Size: 0x00000538, Max: 0x00005000, ABSOLUTE)

    Exec Addr    Load Addr    Size         Type   Attr      Idx    E Section Name        Object

    0x20000000   0x08002080   0x0000000c   Data   RW          909    .data               stm32f1xx_hal.o
    0x2000000c   0x0800208c   0x00000004   Data   RW         2228    .data               system_stm32f1xx.o
    0x20000010        -       0x000000dc   Zero   RW          206    .bss                i2c.o
    0x200000ec        -       0x00000048   Zero   RW          249    .bss                usart.o
    0x20000134   0x08002090   0x00000004   PAD
    0x20000138        -       0x00000400   Zero   RW            1    STACK               startup_stm32f103xb.o


==============================================================================

Image component sizes


      Code (inc. data)   RO Data    RW Data    ZI Data      Debug   Object Name

       640         32          0          0          0       7858   aht20-21_demo_v1_3.o
        60          4          0          0          0        750   dma.o
       128          8          0          0          0        939   gpio.o
       260         34          0          0        220       1795   i2c.o
       144          0          0          0          0     403216   main.o
        36          8        236          0       1024        796   startup_stm32f103xb.o
       128         24          0         12          0       5249   stm32f1xx_hal.o
       198         14          0          0          0      28895   stm32f1xx_hal_cortex.o
       590         36          0          0          0       3242   stm32f1xx_hal_dma.o
       500         34          0          0          0       3487   stm32f1xx_hal_gpio.o
      3364         50          0          0          0      20733   stm32f1xx_hal_i2c.o
        60          8          0          0          0        862   stm32f1xx_hal_msp.o
      1240         84         18          0          0       5068   stm32f1xx_hal_rcc.o
       284          6          0          0          0       1912   stm32f1xx_hal_uart.o
        56         18          0          0          0       5121   stm32f1xx_it.o
         2          0         24          4          0       1095   system_stm32f1xx.o
       168         20          0          0         72       1702   usart.o

    ----------------------------------------------------------------------
      7884        380        310         16       1320     492720   Object Totals
         0          0         32          0          0          0   (incl. Generated)
        26          0          0          0          4          0   (incl. Padding)

    ----------------------------------------------------------------------

      Code (inc. data)   RO Data    RW Data    ZI Data      Debug   Library Member Name

         0          0          0          0          0          0   entry.o
         0          0          0          0          0          0   entry10a.o
         0          0          0          0          0          0   entry11a.o
         4          0          0          0          0          0   entry12b.o
         8          4          0          0          0          0   entry2.o
         4          0          0          0          0          0   entry5.o
         0          0          0          0          0          0   entry7b.o
         0          0          0          0          0          0   entry8b.o
         8          4          0          0          0          0   entry9a.o
        30          0          0          0          0          0   handlers.o
        36          8          0          0          0         68   init.o
        36          0          0          0          0        108   memseta.o

    ----------------------------------------------------------------------
       126         16          0          0          0        176   Library Totals
         0          0          0          0          0          0   (incl. Padding)

    ----------------------------------------------------------------------

      Code (inc. data)   RO Data    RW Data    ZI Data      Debug   Library Name

       126         16          0          0          0        176   mc_w.l

    ----------------------------------------------------------------------
       126         16          0          0          0        176   Library Totals

    ----------------------------------------------------------------------

==============================================================================


      Code (inc. data)   RO Data    RW Data    ZI Data      Debug   

      8010        396        310         16       1320     489044   Grand Totals
      8010        396        310         16       1320     489044   ELF Image Totals
      8010        396        310         16          0          0   ROM Totals

==============================================================================

    Total RO  Size (Code + RO Data)                 8320 (   8.13kB)
    Total RW  Size (RW Data + ZI Data)              1336 (   1.30kB)
    Total ROM Size (Code + RO Data + RW Data)       8336 (   8.14kB)

==============================================================================

